Archive member included to satisfy reference by file (symbol)

/usr/lib/gcc/arm-none-eabi/13.2.1/thumb/v8-m.main/nofp/libgcc.a(_arm_mulsf3.o)
                              src/socket_handler.o (__aeabi_fmul)
/usr/lib/gcc/arm-none-eabi/13.2.1/thumb/v8-m.main/nofp/libgcc.a(_arm_addsubdf3.o)
                              src/socket_handler.o (__aeabi_f2d)
/usr/lib/gcc/arm-none-eabi/13.2.1/thumb/v8-m.main/nofp/libgcc.a(_arm_addsubsf3.o)
                              src/socket_handler.o (__aeabi_fsub)
/usr/lib/gcc/arm-none-eabi/13.2.1/thumb/v8-m.main/nofp/libgcc.a(_arm_muldivsf3.o)
                              src/socket_handler.o (__aeabi_fdiv)
/usr/lib/gcc/arm-none-eabi/13.2.1/../../../arm-none-eabi/lib/thumb/v8-m.main/nofp/libc.a(libc_a-memset.o)
                              src/a2b.o (memset)
/usr/lib/gcc/arm-none-eabi/13.2.1/../../../arm-none-eabi/lib/thumb/v8-m.main/nofp/libc.a(libc_a-errno.o)
                              src/syscalls.o (__errno)
/usr/lib/gcc/arm-none-eabi/13.2.1/../../../arm-none-eabi/lib/thumb/v8-m.main/nofp/libc.a(libc_a-impure.o)
                              /usr/lib/gcc/arm-none-eabi/13.2.1/../../../arm-none-eabi/lib/thumb/v8-m.main/nofp/libc.a(libc_a-errno.o) (_impure_ptr)
/usr/lib/gcc/arm-none-eabi/13.2.1/../../../arm-none-eabi/lib/thumb/v8-m.main/nofp/libc.a(libc_a-memcpy.o)
                              src/aabcop.o (memcpy)
/usr/lib/gcc/arm-none-eabi/13.2.1/../../../arm-none-eabi/lib/thumb/v8-m.main/nofp/libc.a(libc_a-init.o)
                              gcc_startup/startup_gd32e502.o (__libc_init_array)
/usr/lib/gcc/arm-none-eabi/13.2.1/../../../arm-none-eabi/lib/thumb/v8-m.main/nofp/libc.a(libc_a-findfp.o)
                              /usr/lib/gcc/arm-none-eabi/13.2.1/../../../arm-none-eabi/lib/thumb/v8-m.main/nofp/libc.a(libc_a-impure.o) (__sf)
/usr/lib/gcc/arm-none-eabi/13.2.1/../../../arm-none-eabi/lib/thumb/v8-m.main/nofp/libc.a(libc_a-puts.o)
                              src/a2b.o (puts)
/usr/lib/gcc/arm-none-eabi/13.2.1/../../../arm-none-eabi/lib/thumb/v8-m.main/nofp/libc.a(libc_a-fvwrite.o)
                              /usr/lib/gcc/arm-none-eabi/13.2.1/../../../arm-none-eabi/lib/thumb/v8-m.main/nofp/libc.a(libc_a-puts.o) (__sfvwrite_r)
/usr/lib/gcc/arm-none-eabi/13.2.1/../../../arm-none-eabi/lib/thumb/v8-m.main/nofp/libc.a(libc_a-strlen-stub.o)
                              /usr/lib/gcc/arm-none-eabi/13.2.1/../../../arm-none-eabi/lib/thumb/v8-m.main/nofp/libc.a(libc_a-puts.o) (strlen)
/usr/lib/gcc/arm-none-eabi/13.2.1/../../../arm-none-eabi/lib/thumb/v8-m.main/nofp/libc.a(libc_a-printf.o)
                              src/a2b.o (printf)
/usr/lib/gcc/arm-none-eabi/13.2.1/../../../arm-none-eabi/lib/thumb/v8-m.main/nofp/libc.a(libc_a-memchr-stub.o)
                              /usr/lib/gcc/arm-none-eabi/13.2.1/../../../arm-none-eabi/lib/thumb/v8-m.main/nofp/libc.a(libc_a-fvwrite.o) (memchr)
/usr/lib/gcc/arm-none-eabi/13.2.1/../../../arm-none-eabi/lib/thumb/v8-m.main/nofp/libc.a(libc_a-fwalk.o)
                              /usr/lib/gcc/arm-none-eabi/13.2.1/../../../arm-none-eabi/lib/thumb/v8-m.main/nofp/libc.a(libc_a-findfp.o) (_fwalk_sglue)
/usr/lib/gcc/arm-none-eabi/13.2.1/../../../arm-none-eabi/lib/thumb/v8-m.main/nofp/libc.a(libc_a-vfprintf.o)
                              /usr/lib/gcc/arm-none-eabi/13.2.1/../../../arm-none-eabi/lib/thumb/v8-m.main/nofp/libc.a(libc_a-printf.o) (_vfprintf_r)
/usr/lib/gcc/arm-none-eabi/13.2.1/../../../arm-none-eabi/lib/thumb/v8-m.main/nofp/libc.a(libc_a-fflush.o)
                              /usr/lib/gcc/arm-none-eabi/13.2.1/../../../arm-none-eabi/lib/thumb/v8-m.main/nofp/libc.a(libc_a-fvwrite.o) (_fflush_r)
/usr/lib/gcc/arm-none-eabi/13.2.1/../../../arm-none-eabi/lib/thumb/v8-m.main/nofp/libc.a(libc_a-memmove.o)
                              /usr/lib/gcc/arm-none-eabi/13.2.1/../../../arm-none-eabi/lib/thumb/v8-m.main/nofp/libc.a(libc_a-fvwrite.o) (memmove)
/usr/lib/gcc/arm-none-eabi/13.2.1/../../../arm-none-eabi/lib/thumb/v8-m.main/nofp/libc.a(libc_a-mallocr.o)
                              /usr/lib/gcc/arm-none-eabi/13.2.1/../../../arm-none-eabi/lib/thumb/v8-m.main/nofp/libc.a(libc_a-findfp.o) (_malloc_r)
/usr/lib/gcc/arm-none-eabi/13.2.1/../../../arm-none-eabi/lib/thumb/v8-m.main/nofp/libc.a(libc_a-dtoa.o)
                              /usr/lib/gcc/arm-none-eabi/13.2.1/../../../arm-none-eabi/lib/thumb/v8-m.main/nofp/libc.a(libc_a-vfprintf.o) (_dtoa_r)
/usr/lib/gcc/arm-none-eabi/13.2.1/../../../arm-none-eabi/lib/thumb/v8-m.main/nofp/libc.a(libc_a-wsetup.o)
                              /usr/lib/gcc/arm-none-eabi/13.2.1/../../../arm-none-eabi/lib/thumb/v8-m.main/nofp/libc.a(libc_a-fvwrite.o) (__swsetup_r)
/usr/lib/gcc/arm-none-eabi/13.2.1/../../../arm-none-eabi/lib/thumb/v8-m.main/nofp/libc.a(libc_a-freer.o)
                              /usr/lib/gcc/arm-none-eabi/13.2.1/../../../arm-none-eabi/lib/thumb/v8-m.main/nofp/libc.a(libc_a-fvwrite.o) (_free_r)
[...]
Memory Configuration

Name             Origin             Length             Attributes
FLASH            0x08000000         0x00040000         xr
RAM              0x20000000         0x00008000         xrw
*default*        0x00000000         0xffffffff

Linker script and memory map

LOAD src/a2b.o
LOAD src/aabcop.o
LOAD src/gd32e502_it.o
LOAD src/gd32e502v_eval.o
LOAD src/main.o
LOAD src/peripherals.o
LOAD src/socket_handler.o
LOAD src/syscalls.o
LOAD src/systick.o
LOAD Firmware/CMSIS/GD/gd32e502/Source/system_gd32e502.o
LOAD Firmware/gd32e502_standard_peripheral/Source/gd32e502_adc.o
LOAD Firmware/gd32e502_standard_peripheral/Source/gd32e502_bkp.o
LOAD Firmware/gd32e502_standard_peripheral/Source/gd32e502_can.o
LOAD Firmware/gd32e502_standard_peripheral/Source/gd32e502_cmp.o
LOAD Firmware/gd32e502_standard_peripheral/Source/gd32e502_crc.o
LOAD Firmware/gd32e502_standard_peripheral/Source/gd32e502_dac.o
LOAD Firmware/gd32e502_standard_peripheral/Source/gd32e502_dbg.o
LOAD Firmware/gd32e502_standard_peripheral/Source/gd32e502_dma.o
LOAD Firmware/gd32e502_standard_peripheral/Source/gd32e502_exti.o
LOAD Firmware/gd32e502_standard_peripheral/Source/gd32e502_fmc.o
LOAD Firmware/gd32e502_standard_peripheral/Source/gd32e502_fwdgt.o
LOAD Firmware/gd32e502_standard_peripheral/Source/gd32e502_gpio.o
LOAD Firmware/gd32e502_standard_peripheral/Source/gd32e502_i2c.o
LOAD Firmware/gd32e502_standard_peripheral/Source/gd32e502_mfcom.o
LOAD Firmware/gd32e502_standard_peripheral/Source/gd32e502_misc.o
LOAD Firmware/gd32e502_standard_peripheral/Source/gd32e502_pmu.o
LOAD Firmware/gd32e502_standard_peripheral/Source/gd32e502_rcu.o
LOAD Firmware/gd32e502_standard_peripheral/Source/gd32e502_rtc.o
LOAD Firmware/gd32e502_standard_peripheral/Source/gd32e502_spi.o
LOAD Firmware/gd32e502_standard_peripheral/Source/gd32e502_syscfg.o
LOAD Firmware/gd32e502_standard_peripheral/Source/gd32e502_timer.o
LOAD Firmware/gd32e502_standard_peripheral/Source/gd32e502_trigsel.o
LOAD Firmware/gd32e502_standard_peripheral/Source/gd32e502_usart.o
LOAD Firmware/gd32e502_standard_peripheral/Source/gd32e502_wwdgt.o
LOAD gcc_startup/startup_gd32e502.o
LOAD /usr/lib/gcc/arm-none-eabi/13.2.1/../../../arm-none-eabi/lib/thumb/v8-m.main/nofp/libm.a
START GROUP
LOAD /usr/lib/gcc/arm-none-eabi/13.2.1/thumb/v8-m.main/nofp/libgcc.a
LOAD /usr/lib/gcc/arm-none-eabi/13.2.1/../../../arm-none-eabi/lib/thumb/v8-m.main/nofp/libc.a
END GROUP
                0x00000800                        __stack_size = DEFINED (__stack_size)?__stack_size:0x800
                0x00000400                        __heap_size = DEFINED (__heap_size)?__heap_size:0x400

.vectors        0x08000000      0x15c
                0x08000000                        . = ALIGN (0x4)
 *(.vectors)
 .vectors       0x08000000      0x15c gcc_startup/startup_gd32e502.o
                0x08000000                __gVectors
                0x0800015c                        . = ALIGN (0x4)
                0x0800015c                        __Vectors_End = .
                0x0800015c                        __Vectors_Size = (__Vectors_End - __gVectors)

.text           0x08000160     0x8d28
                0x08000160                        . = ALIGN (0x4)
 *(.text)
 .text          0x08000160      0x378 /usr/lib/gcc/arm-none-eabi/13.2.1/thumb/v8-m.main/nofp/libgcc.a(_arm_addsubdf3.o)
                0x08000160                __aeabi_drsub
                0x08000168                __aeabi_dsub
                0x08000168                __subdf3
                0x0800016c                __adddf3
                0x0800016c                __aeabi_dadd
                0x080003e4                __aeabi_ui2d
                0x080003e4                __floatunsidf
                0x08000404                __floatsidf
                0x08000404                __aeabi_i2d
                0x08000428                __extendsfdf2
                0x08000428                __aeabi_f2d
                0x0800046c                __aeabi_ul2d
                0x0800046c                __floatundidf
                0x0800047c                __floatdidf
                0x0800047c                __aeabi_l2d
 .text          0x080004d8      0x21c /usr/lib/gcc/arm-none-eabi/13.2.1/thumb/v8-m.main/nofp/libgcc.a(_arm_addsubsf3.o)
                0x080004d8                __aeabi_frsub
                0x080004e0                __subsf3
                0x080004e0                __aeabi_fsub
                0x080004e4                __aeabi_fadd
                0x080004e4                __addsf3
                0x08000644                __aeabi_ui2f
                0x08000644                __floatunsisf
                0x0800064c                __aeabi_i2f
                0x0800064c                __floatsisf
                0x08000668                __floatundisf
                0x08000668                __aeabi_ul2f
                0x08000678                __floatdisf
                0x08000678                __aeabi_l2f
 .text          0x080006f4      0x2a0 /usr/lib/gcc/arm-none-eabi/13.2.1/thumb/v8-m.main/nofp/libgcc.a(_arm_muldivsf3.o)
                0x080006f4                __mulsf3
                0x080006f4                __aeabi_fmul
                0x0800085c                __divsf3
                0x0800085c                __aeabi_fdiv
 .text          0x08000994       0xa4 /usr/lib/gcc/arm-none-eabi/13.2.1/../../../arm-none-eabi/lib/thumb/v8-m.main/nofp/libc.a(libc_a-memset.o)
                0x08000994                memset
 .text          0x08000a38        0xc /usr/lib/gcc/arm-none-eabi/13.2.1/../../../arm-none-eabi/lib/thumb/v8-m.main/nofp/libc.a(libc_a-errno.o)
                0x08000a38                __errno
 .text          0x08000a44       0xec /usr/lib/gcc/arm-none-eabi/13.2.1/../../../arm-none-eabi/lib/thumb/v8-m.main/nofp/libc.a(libc_a-memcpy.o)
                0x08000a44                memcpy
 .text          0x08000b30       0x50 /usr/lib/gcc/arm-none-eabi/13.2.1/../../../arm-none-eabi/lib/thumb/v8-m.main/nofp/libc.a(libc_a-init.o)
                0x08000b30                __libc_init_array
 .text          0x08000b80      0x224 /usr/lib/gcc/arm-none-eabi/13.2.1/../../../arm-none-eabi/lib/thumb/v8-m.main/nofp/libc.a(libc_a-findfp.o)
                0x08000cb0                __sfp
                0x08000d54                __sinit
                0x08000d74                __sfp_lock_acquire
                0x08000d78                __sfp_lock_release
                0x08000d7c                __fp_lock_all
                0x08000d90                __fp_unlock_all
 .text          0x08000da4       0x7c /usr/lib/gcc/arm-none-eabi/13.2.1/../../../arm-none-eabi/lib/thumb/v8-m.main/nofp/libc.a(libc_a-puts.o)
                0x08000da4                _puts_r
                0x08000e10                puts
 .text          0x08000e20      0x2f8 /usr/lib/gcc/arm-none-eabi/13.2.1/../../../arm-none-eabi/lib/thumb/v8-m.main/nofp/libc.a(libc_a-fvwrite.o)
                0x08000e20                __sfvwrite_r
 .text          0x08001118       0x5c /usr/lib/gcc/arm-none-eabi/13.2.1/../../../arm-none-eabi/lib/thumb/v8-m.main/nofp/libc.a(libc_a-strlen-stub.o)
                0x08001118                strlen
 .text          0x08001174       0x48 /usr/lib/gcc/arm-none-eabi/13.2.1/../../../arm-none-eabi/lib/thumb/v8-m.main/nofp/libc.a(libc_a-printf.o)
                0x08001174                _printf_r
                0x08001194                printf
 .text          0x080011bc       0x98 /usr/lib/gcc/arm-none-eabi/13.2.1/../../../arm-none-eabi/lib/thumb/v8-m.main/nofp/libc.a(libc_a-memchr-stub.o)
                0x080011bc                memchr
 .text          0x08001254       0x44 /usr/lib/gcc/arm-none-eabi/13.2.1/../../../arm-none-eabi/lib/thumb/v8-m.main/nofp/libc.a(libc_a-fwalk.o)
                0x08001254                _fwalk_sglue
 .text          0x08001298     0x1558 /usr/lib/gcc/arm-none-eabi/13.2.1/../../../arm-none-eabi/lib/thumb/v8-m.main/nofp/libc.a(libc_a-vfprintf.o)
                0x08001298                _vfprintf_r
                0x0800276c                vfprintf
 .text          0x080027f0      0x19c /usr/lib/gcc/arm-none-eabi/13.2.1/../../../arm-none-eabi/lib/thumb/v8-m.main/nofp/libc.a(libc_a-fflush.o)
                0x080027f0                __sflush_r
                0x08002918                _fflush_r
                0x08002944                fflush
 .text          0x0800298c      0x100 /usr/lib/gcc/arm-none-eabi/13.2.1/../../../arm-none-eabi/lib/thumb/v8-m.main/nofp/libc.a(libc_a-memmove.o)
                0x0800298c                memmove
 .text          0x08002a8c      0x550 /usr/lib/gcc/arm-none-eabi/13.2.1/../../../arm-none-eabi/lib/thumb/v8-m.main/nofp/libc.a(libc_a-mallocr.o)
                0x08002a8c                _malloc_r
 *fill*         0x08002fdc        0x4 
 .text          0x08002fe0     0x1010 /usr/lib/gcc/arm-none-eabi/13.2.1/../../../arm-none-eabi/lib/thumb/v8-m.main/nofp/libc.a(libc_a-dtoa.o)
                0x08003118                _dtoa_r
 .text          0x08003ff0       0xc4 /usr/lib/gcc/arm-none-eabi/13.2.1/../../../arm-none-eabi/lib/thumb/v8-m.main/nofp/libc.a(libc_a-wsetup.o)
                0x08003ff0                __swsetup_r
 .text          0x080040b4      0x2b0 /usr/lib/gcc/arm-none-eabi/13.2.1/../../../arm-none-eabi/lib/thumb/v8-m.main/nofp/libc.a(libc_a-freer.o)
                0x080040b4                _malloc_trim_r
                0x0800416c                _free_r
 .text          0x08004364       0x90 /usr/lib/gcc/arm-none-eabi/13.2.1/../../../arm-none-eabi/lib/thumb/v8-m.main/nofp/libc.a(libc_a-fclose.o)
                0x08004364                _fclose_r
                0x080043e4                fclose
 .text          0x080043f4       0x1c /usr/lib/gcc/arm-none-eabi/13.2.1/../../../arm-none-eabi/lib/thumb/v8-m.main/nofp/libc.a(libc_a-sysconf.o)
                0x080043f4                sysconf
 .text          0x08004410       0x98 /usr/lib/gcc/arm-none-eabi/13.2.1/../../../arm-none-eabi/lib/thumb/v8-m.main/nofp/libc.a(libc_a-stdio.o)
                0x08004410                __sread
                0x08004434                __seofread
                0x08004438                __swrite
                0x08004478                __sseek
                0x080044a0                __sclose
 .text          0x080044a8      0x370 /usr/lib/gcc/arm-none-eabi/13.2.1/../../../arm-none-eabi/lib/thumb/v8-m.main/nofp/libc.a(libc_a-reallocr.o)
                0x080044a8                _realloc_r
 .text          0x08004818       0x2c /usr/lib/gcc/arm-none-eabi/13.2.1/../../../arm-none-eabi/lib/thumb/v8-m.main/nofp/libc.a(libc_a-writer.o)
                0x08004818                _write_r
 .text          0x08004844        0x8 /usr/lib/gcc/arm-none-eabi/13.2.1/../../../arm-none-eabi/lib/thumb/v8-m.main/nofp/libc.a(libc_a-mlock.o)
                0x08004844                __malloc_lock
                0x08004848                __malloc_unlock
 .text          0x0800484c       0x24 /usr/lib/gcc/arm-none-eabi/13.2.1/../../../arm-none-eabi/lib/thumb/v8-m.main/nofp/libc.a(libc_a-sbrkr.o)
                0x0800484c                _sbrk_r
 .text          0x08004870       0x24 /usr/lib/gcc/arm-none-eabi/13.2.1/../../../arm-none-eabi/lib/thumb/v8-m.main/nofp/libc.a(libc_a-closer.o)
                0x08004870                _close_r
 .text          0x08004894       0x20 /usr/lib/gcc/arm-none-eabi/13.2.1/../../../arm-none-eabi/lib/thumb/v8-m.main/nofp/libc.a(libc_a-sprint_r.o)
                0x08004894                __sprint_r
 .text          0x080048b4       0x48 /usr/lib/gcc/arm-none-eabi/13.2.1/../../../arm-none-eabi/lib/thumb/v8-m.main/nofp/libc.a(libc_a-assert.o)
                0x080048b4                __assert_func
                0x080048f0                __assert
 .text          0x080048fc      0xa90 /usr/lib/gcc/arm-none-eabi/13.2.1/../../../arm-none-eabi/lib/thumb/v8-m.main/nofp/libc.a(libc_a-mprec.o)
                0x080048fc                _Balloc
                0x08004948                _Bfree
                0x0800495c                __multadd
                0x08004a00                __s2b
                0x08004ab0                __hi0bits
                0x08004af8                __lo0bits
                0x08004b58                __i2b
                0x08004bb4                __multiply
                0x08004d18                __pow5mult
                0x08004dcc                __lshift
                0x08004eb4                __mcmp
                0x08004ef4                __mdiff
                0x08005074                __ulp
                0x080050c0                __b2d
                0x08005184                __d2b
                0x08005244                __ratio
                0x080052a0                _mprec_log10
                0x080052d8                __copybits
                0x08005334                __any_on
 .text          0x0800538c       0x14 /usr/lib/gcc/arm-none-eabi/13.2.1/../../../arm-none-eabi/lib/thumb/v8-m.main/nofp/libc.a(libc_a-localeconv.o)
                0x0800538c                __localeconv_l
                0x08005390                _localeconv_r
                0x08005398                localeconv
 .text          0x080053a0      0x13c /usr/lib/gcc/arm-none-eabi/13.2.1/../../../arm-none-eabi/lib/thumb/v8-m.main/nofp/libc.a(libc_a-makebuf.o)
                0x080053a0                __smakebuf_r
                0x0800547c                __swhatbuf_r
 .text          0x080054dc       0x40 /usr/lib/gcc/arm-none-eabi/13.2.1/../../../arm-none-eabi/lib/thumb/v8-m.main/nofp/libc.a(libc_a-mbtowc_r.o)
                0x080054dc                _mbtowc_r
                0x080054f0                __ascii_mbtowc
 .text          0x0800551c       0x10 /usr/lib/gcc/arm-none-eabi/13.2.1/../../../arm-none-eabi/lib/thumb/v8-m.main/nofp/libc.a(libc_a-abort.o)
                0x0800551c                abort
 .text          0x0800552c       0x70 /usr/lib/gcc/arm-none-eabi/13.2.1/../../../arm-none-eabi/lib/thumb/v8-m.main/nofp/libc.a(libc_a-callocr.o)
                0x0800552c                _calloc_r
 .text          0x0800559c       0x2c /usr/lib/gcc/arm-none-eabi/13.2.1/../../../arm-none-eabi/lib/thumb/v8-m.main/nofp/libc.a(libc_a-readr.o)
                0x0800559c                _read_r
 .text          0x080055c8       0x44 /usr/lib/gcc/arm-none-eabi/13.2.1/../../../arm-none-eabi/lib/thumb/v8-m.main/nofp/libc.a(libc_a-fiprintf.o)
                0x080055c8                _fiprintf_r
                0x080055e4                fiprintf
 .text          0x0800560c       0x30 /usr/lib/gcc/arm-none-eabi/13.2.1/../../../arm-none-eabi/lib/thumb/v8-m.main/nofp/libc.a(libc_a-wctomb_r.o)
                0x0800560c                _wctomb_r
                0x08005620                __ascii_wctomb
 .text          0x0800563c       0x2c /usr/lib/gcc/arm-none-eabi/13.2.1/../../../arm-none-eabi/lib/thumb/v8-m.main/nofp/libc.a(libc_a-lseekr.o)
                0x0800563c                _lseek_r
 .text          0x08005668       0x2c /usr/lib/gcc/arm-none-eabi/13.2.1/../../../arm-none-eabi/lib/thumb/v8-m.main/nofp/libc.a(libc_a-fstatr.o)
                0x08005668                _fstat_r
 .text          0x08005694       0x24 /usr/lib/gcc/arm-none-eabi/13.2.1/../../../arm-none-eabi/lib/thumb/v8-m.main/nofp/libc.a(libc_a-isattyr.o)
                0x08005694                _isatty_r
 .text          0x080056b8      0x280 /usr/lib/gcc/arm-none-eabi/13.2.1/../../../arm-none-eabi/lib/thumb/v8-m.main/nofp/libc.a(libc_a-signal.o)
                0x080056b8                _init_signal_r
                0x080056e8                _signal_r
                0x08005738                _raise_r
                0x0800578c                __sigtramp_r
                0x080057f0                raise
                0x08005848                signal
                0x08005898                _init_signal
                0x080058d0                __sigtramp
 .text          0x08005938       0x30 /usr/lib/gcc/arm-none-eabi/13.2.1/../../../arm-none-eabi/lib/thumb/v8-m.main/nofp/libc.a(libc_a-signalr.o)
                0x08005938                _kill_r
                0x08005964                _getpid_r
 .text          0x08005968      0xb20 /usr/lib/gcc/arm-none-eabi/13.2.1/../../../arm-none-eabi/lib/thumb/v8-m.main/nofp/libc.a(libc_a-vfiprintf.o)
                0x08005968                _vfiprintf_r
                0x08006404                vfiprintf
 .text          0x08006488      0x424 /usr/lib/gcc/arm-none-eabi/13.2.1/thumb/v8-m.main/nofp/libgcc.a(_arm_muldivdf3.o)
                0x08006488                __aeabi_dmul
                0x08006488                __muldf3
                0x080066dc                __aeabi_ddiv
                0x080066dc                __divdf3
 .text          0x080068ac      0x110 /usr/lib/gcc/arm-none-eabi/13.2.1/thumb/v8-m.main/nofp/libgcc.a(_arm_cmpdf2.o)
                0x080068ac                __gtdf2
                0x080068ac                __gedf2
                0x080068b4                __ltdf2
                0x080068b4                __ledf2
                0x080068bc                __cmpdf2
                0x080068bc                __eqdf2
                0x080068bc                __nedf2
                0x08006938                __aeabi_cdrcmple
                0x08006948                __aeabi_cdcmple
                0x08006948                __aeabi_cdcmpeq
                0x08006958                __aeabi_dcmpeq
                0x0800696c                __aeabi_dcmplt
                0x08006980                __aeabi_dcmple
                0x08006994                __aeabi_dcmpge
                0x080069a8                __aeabi_dcmpgt
 .text          0x080069bc       0x2c /usr/lib/gcc/arm-none-eabi/13.2.1/thumb/v8-m.main/nofp/libgcc.a(_arm_unorddf2.o)
                0x080069bc                __aeabi_dcmpun
                0x080069bc                __unorddf2
 .text          0x080069e8       0x50 /usr/lib/gcc/arm-none-eabi/13.2.1/thumb/v8-m.main/nofp/libgcc.a(_arm_fixdfsi.o)
                0x080069e8                __fixdfsi
                0x080069e8                __aeabi_d2iz
 *(.text*)
 .text.a2b_spi_transfer_byte
                0x08006a38       0x34 src/a2b.o
 .text.a2b_spi_init
                0x08006a6c       0xd8 src/a2b.o
                0x08006a6c                a2b_spi_init
 .text.a2b_init
                0x08006b44       0x34 src/a2b.o
                0x08006b44                a2b_init
 .text.a2b_send_frame
                0x08006b78       0x4c src/a2b.o
                0x08006b78                a2b_send_frame
 .text.a2b_receive_frame
                0x08006bc4       0x70 src/a2b.o
                0x08006bc4                a2b_receive_frame
 .text.a2b_discover_nodes
                0x08006c34       0x74 src/a2b.o
                0x08006c34                a2b_discover_nodes
 .text.a2b_reset
                0x08006ca8       0x80 src/a2b.o
                0x08006ca8                a2b_reset
 .text.handle_module_enable
                0x08006d28       0x58 src/aabcop.o
 .text.handle_mute_channels
                0x08006d80       0x60 src/aabcop.o
 .text.handle_channel_slot_assign
                0x08006de0       0x7c src/aabcop.o
 .text.handle_zone_volume
                0x08006e5c       0x80 src/aabcop.o
 .text.handle_mute_zone
                0x08006edc       0x84 src/aabcop.o
 .text.handle_equalizer
                0x08006f60       0xb4 src/aabcop.o
 .text.aabcop_init
                0x08007014       0x64 src/aabcop.o
                0x08007014                aabcop_init
 .text.aabcop_send_command
                0x08007078       0xe8 src/aabcop.o
                0x08007078                aabcop_send_command
 .text.handle_network_startup
                0x08007160       0x30 src/aabcop.o
 .text.aabcop_handle_messages
                0x08007190      0x19c src/aabcop.o
                0x08007190                aabcop_handle_messages
 .text.aabcop_process
                0x0800732c       0x5c src/aabcop.o
                0x0800732c                aabcop_process
 .text.aabcop_get_state
                0x08007388        0xc src/aabcop.o
                0x08007388                aabcop_get_state
 .text.aabcop_get_module_status
                0x08007394       0x58 src/aabcop.o
                0x08007394                aabcop_get_module_status
 .text.NMI_Handler
                0x080073ec       0x18 src/gd32e502_it.o
                0x080073ec                NMI_Handler
 .text.HardFault_Handler
                0x08007404        0x4 src/gd32e502_it.o
                0x08007404                HardFault_Handler
 .text.MemManage_Handler
                0x08007408        0x4 src/gd32e502_it.o
                0x08007408                MemManage_Handler
 .text.BusFault_Handler
                0x0800740c        0x4 src/gd32e502_it.o
                0x0800740c                BusFault_Handler
 .text.UsageFault_Handler
                0x08007410        0x4 src/gd32e502_it.o
                0x08007410                UsageFault_Handler
 .text.SVC_Handler
                0x08007414        0x4 src/gd32e502_it.o
                0x08007414                SVC_Handler
 .text.DebugMon_Handler
                0x08007418        0x4 src/gd32e502_it.o
                0x08007418                DebugMon_Handler
 .text.PendSV_Handler
                0x0800741c        0x4 src/gd32e502_it.o
                0x0800741c                PendSV_Handler
 .text.FPU_IRQHandler
                0x08007420        0x4 src/gd32e502_it.o
                0x08007420                FPU_IRQHandler
 .text.SRAMC_ECCSE_IRQHandler
                0x08007424       0x10 src/gd32e502_it.o
                0x08007424                SRAMC_ECCSE_IRQHandler
 .text.SysTick_Handler
                0x08007434       0x10 src/gd32e502_it.o
                0x08007434                SysTick_Handler
 .text.gd_eval_led_init
                0x08007444       0x44 src/gd32e502v_eval.o
                0x08007444                gd_eval_led_init
 .text.gd_eval_led_on
                0x08007488       0x18 src/gd32e502v_eval.o
                0x08007488                gd_eval_led_on
 .text.gd_eval_led_off
                0x080074a0       0x18 src/gd32e502v_eval.o
                0x080074a0                gd_eval_led_off
 .text.gd_eval_led_toggle
                0x080074b8       0x18 src/gd32e502v_eval.o
                0x080074b8                gd_eval_led_toggle
 .text.gd_eval_key_state_get
                0x080074d0       0x18 src/gd32e502v_eval.o
                0x080074d0                gd_eval_key_state_get
 .text.gd_eval_com_init
                0x080074e8       0xb8 src/gd32e502v_eval.o
                0x080074e8                gd_eval_com_init
 .text.led_status_indicator
                0x080075a0       0xac src/main.o
                0x080075a0                led_status_indicator
 .text.startup.main
                0x0800764c      0x10c src/main.o
                0x0800764c                main
 .text.led_spark
                0x08007758       0x50 src/peripherals.o
                0x08007758                led_spark
 .text.peripherals_process
                0x080077a8       0x6c src/peripherals.o
                0x080077a8                peripherals_process
 .text.adc_config
                0x08007814       0x84 src/peripherals.o
                0x08007814                adc_config
 .text.temperature_get
                0x08007898        0xc src/peripherals.o
                0x08007898                temperature_get
 .text.voltage_get
                0x080078a4        0xc src/peripherals.o
                0x080078a4                voltage_get
 .text.current_get
                0x080078b0        0xc src/peripherals.o
                0x080078b0                current_get
 .text.dac_config
                0x080078bc       0x90 src/peripherals.o
                0x080078bc                dac_config
 .text.peripherals_init
                0x0800794c       0x70 src/peripherals.o
                0x0800794c                peripherals_init
 .text.status_led_on
                0x080079bc       0x10 src/peripherals.o
                0x080079bc                status_led_on
 .text.status_led_off
                0x080079cc       0x10 src/peripherals.o
                0x080079cc                status_led_off
 .text.socket_init
                0x080079dc       0x80 src/socket_handler.o
                0x080079dc                socket_init
 .text.analyze_message
                0x08007a5c      0x4d0 src/socket_handler.o
                0x08007a5c                analyze_message
 .text.socket_process
                0x08007f2c      0x38c src/socket_handler.o
                0x08007f2c                socket_process
 .text._init    0x080082b8        0x4 src/syscalls.o
                0x080082b8                _init
 .text._exit    0x080082bc        0x4 src/syscalls.o
                0x080082bc                _exit
 .text._close   0x080082c0        0x8 src/syscalls.o
                0x080082c0                _close
 .text._fstat   0x080082c8        0xc src/syscalls.o
                0x080082c8                _fstat
 .text._getpid  0x080082d4        0x4 src/syscalls.o
                0x080082d4                _getpid
 .text._isatty  0x080082d8        0xc src/syscalls.o
                0x080082d8                _isatty
 .text._kill    0x080082e4       0x14 src/syscalls.o
                0x080082e4                _kill
 .text._lseek   0x080082f8        0x4 src/syscalls.o
                0x080082f8                _lseek
 .text._read    0x080082fc        0x4 src/syscalls.o
                0x080082fc                _read
 .text._sbrk    0x08008300       0x40 src/syscalls.o
                0x08008300                _sbrk
 .text._write   0x08008340       0x34 src/syscalls.o
                0x08008340                _write
 .text.systick_config
                0x08008374       0x44 src/systick.o
                0x08008374                systick_config
 .text.delay_1ms
                0x080083b8       0x10 src/systick.o
                0x080083b8                delay_1ms
 .text.delay_decrement
                0x080083c8       0x20 src/systick.o
                0x080083c8                delay_decrement
 .text.systick_get
                0x080083e8        0xc src/systick.o
                0x080083e8                systick_get
 .text.SystemInit
                0x080083f4      0x2c8 Firmware/CMSIS/GD/gd32e502/Source/system_gd32e502.o
                0x080083f4                SystemInit
 .text.adc_deinit
                0x080086bc       0x40 Firmware/gd32e502_standard_peripheral/Source/gd32e502_adc.o
                0x080086bc                adc_deinit
 .text.adc_enable
                0x080086fc       0x10 Firmware/gd32e502_standard_peripheral/Source/gd32e502_adc.o
                0x080086fc                adc_enable
 .text.adc_calibration_enable
                0x0800870c       0x24 Firmware/gd32e502_standard_peripheral/Source/gd32e502_adc.o
                0x0800870c                adc_calibration_enable
 .text.adc_mode_config
                0x08008730       0x20 Firmware/gd32e502_standard_peripheral/Source/gd32e502_adc.o
                0x08008730                adc_mode_config
 .text.adc_data_alignment_config
                0x08008750       0x14 Firmware/gd32e502_standard_peripheral/Source/gd32e502_adc.o
                0x08008750                adc_data_alignment_config
 .text.adc_channel_length_config
                0x08008764       0x3c Firmware/gd32e502_standard_peripheral/Source/gd32e502_adc.o
                0x08008764                adc_channel_length_config
 .text.adc_regular_channel_config
                0x080087a0       0xb0 Firmware/gd32e502_standard_peripheral/Source/gd32e502_adc.o
                0x080087a0                adc_regular_channel_config
 .text.adc_external_trigger_config
                0x08008850       0x40 Firmware/gd32e502_standard_peripheral/Source/gd32e502_adc.o
                0x08008850                adc_external_trigger_config
 .text.adc_external_trigger_source_config
                0x08008890       0x2c Firmware/gd32e502_standard_peripheral/Source/gd32e502_adc.o
                0x08008890                adc_external_trigger_source_config
 .text.dac_deinit
                0x080088bc       0x24 Firmware/gd32e502_standard_peripheral/Source/gd32e502_dac.o
                0x080088bc                dac_deinit
 .text.dac_enable
                0x080088e0        0xc Firmware/gd32e502_standard_peripheral/Source/gd32e502_dac.o
                0x080088e0                dac_enable
 .text.dac_data_set
                0x080088ec       0x1c Firmware/gd32e502_standard_peripheral/Source/gd32e502_dac.o
                0x080088ec                dac_data_set
 .text.dac_trigger_source_config
                0x08008908       0x14 Firmware/gd32e502_standard_peripheral/Source/gd32e502_dac.o
                0x08008908                dac_trigger_source_config
 .text.dac_software_trigger_enable
                0x0800891c        0xc Firmware/gd32e502_standard_peripheral/Source/gd32e502_dac.o
                0x0800891c                dac_software_trigger_enable
 .text.gpio_mode_set
                0x08008928       0x4c Firmware/gd32e502_standard_peripheral/Source/gd32e502_gpio.o
                0x08008928                gpio_mode_set
 .text.gpio_output_options_set
                0x08008974       0x3c Firmware/gd32e502_standard_peripheral/Source/gd32e502_gpio.o
                0x08008974                gpio_output_options_set
 .text.gpio_bit_set
                0x080089b0        0x4 Firmware/gd32e502_standard_peripheral/Source/gd32e502_gpio.o
                0x080089b0                gpio_bit_set
 .text.gpio_bit_reset
                0x080089b4        0x4 Firmware/gd32e502_standard_peripheral/Source/gd32e502_gpio.o
                0x080089b4                gpio_bit_reset
 .text.gpio_input_bit_get
                0x080089b8        0xc Firmware/gd32e502_standard_peripheral/Source/gd32e502_gpio.o
                0x080089b8                gpio_input_bit_get
 .text.gpio_output_bit_get
                0x080089c4        0xc Firmware/gd32e502_standard_peripheral/Source/gd32e502_gpio.o
                0x080089c4                gpio_output_bit_get
 .text.gpio_af_set
                0x080089d0       0x60 Firmware/gd32e502_standard_peripheral/Source/gd32e502_gpio.o
                0x080089d0                gpio_af_set
 .text.nvic_vector_table_set
                0x08008a30       0x18 Firmware/gd32e502_standard_peripheral/Source/gd32e502_misc.o
                0x08008a30                nvic_vector_table_set
 .text.rcu_periph_clock_enable
                0x08008a48       0x1c Firmware/gd32e502_standard_peripheral/Source/gd32e502_rcu.o
                0x08008a48                rcu_periph_clock_enable
 .text.rcu_periph_reset_enable
                0x08008a64       0x1c Firmware/gd32e502_standard_peripheral/Source/gd32e502_rcu.o
                0x08008a64                rcu_periph_reset_enable
 .text.rcu_periph_reset_disable
                0x08008a80       0x1c Firmware/gd32e502_standard_peripheral/Source/gd32e502_rcu.o
                0x08008a80                rcu_periph_reset_disable
 .text.rcu_usart_clock_config
                0x08008a9c       0x4c Firmware/gd32e502_standard_peripheral/Source/gd32e502_rcu.o
                0x08008a9c                rcu_usart_clock_config
 .text.rcu_clock_freq_get
                0x08008ae8      0x168 Firmware/gd32e502_standard_peripheral/Source/gd32e502_rcu.o
                0x08008ae8                rcu_clock_freq_get
 .text.spi_struct_para_init
                0x08008c50       0x14 Firmware/gd32e502_standard_peripheral/Source/gd32e502_spi.o
                0x08008c50                spi_struct_para_init
 .text.spi_init
                0x08008c64       0x34 Firmware/gd32e502_standard_peripheral/Source/gd32e502_spi.o
                0x08008c64                spi_init
 .text.spi_enable
                0x08008c98        0xc Firmware/gd32e502_standard_peripheral/Source/gd32e502_spi.o
                0x08008c98                spi_enable
 .text.spi_i2s_data_transmit
                0x08008ca4        0x4 Firmware/gd32e502_standard_peripheral/Source/gd32e502_spi.o
                0x08008ca4                spi_i2s_data_transmit
 .text.spi_i2s_data_receive
                0x08008ca8        0x8 Firmware/gd32e502_standard_peripheral/Source/gd32e502_spi.o
                0x08008ca8                spi_i2s_data_receive
 .text.spi_i2s_flag_get
                0x08008cb0        0xc Firmware/gd32e502_standard_peripheral/Source/gd32e502_spi.o
                0x08008cb0                spi_i2s_flag_get
 .text.syscfg_interrupt_flag_get
                0x08008cbc       0x64 Firmware/gd32e502_standard_peripheral/Source/gd32e502_syscfg.o
                0x08008cbc                syscfg_interrupt_flag_get
 .text.usart_deinit
                0x08008d20       0x5c Firmware/gd32e502_standard_peripheral/Source/gd32e502_usart.o
                0x08008d20                usart_deinit
 .text.usart_baudrate_set
                0x08008d7c       0x68 Firmware/gd32e502_standard_peripheral/Source/gd32e502_usart.o
                0x08008d7c                usart_baudrate_set
 .text.usart_enable
                0x08008de4        0xc Firmware/gd32e502_standard_peripheral/Source/gd32e502_usart.o
                0x08008de4                usart_enable
 .text.usart_transmit_config
                0x08008df0       0x10 Firmware/gd32e502_standard_peripheral/Source/gd32e502_usart.o
                0x08008df0                usart_transmit_config
 .text.usart_receive_config
                0x08008e00       0x10 Firmware/gd32e502_standard_peripheral/Source/gd32e502_usart.o
                0x08008e00                usart_receive_config
 .text.Reset_Handler
                0x08008e10       0x74 gcc_startup/startup_gd32e502.o
                0x08008e10                Reset_Handler
 .text.Default_Handler
                0x08008e84        0x2 gcc_startup/startup_gd32e502.o
                0x08008e84                EXTI2_IRQHandler
                0x08008e84                LVD_IRQHandler
                0x08008e84                CMP_IRQHandler
                0x08008e84                CAN1_FastError_IRQHandler
                0x08008e84                ADC0_1_IRQHandler
                0x08008e84                EXTI3_IRQHandler
                0x08008e84                TIMER5_DAC_IRQHandler
                0x08008e84                CAN0_Message_IRQHandler
                0x08008e84                DMA0_Channel6_IRQHandler
                0x08008e84                CAN1_Error_IRQHandler
                0x08008e84                I2C0_EV_IRQHandler
                0x08008e84                EXTI0_IRQHandler
                0x08008e84                CAN1_WKUP_IRQHandler
                0x08008e84                CAN0_TEC_IRQHandler
                0x08008e84                TIMER19_Channel_IRQHandler
                0x08008e84                TIMER20_Channel_IRQHandler
                0x08008e84                SPI1_IRQHandler
                0x08008e84                CAN0_REC_IRQHandler
                0x08008e84                DMA0_Channel0_IRQHandler
                0x08008e84                CAN0_WKUP_IRQHandler
                0x08008e84                TAMPER_IRQHandler
                0x08008e84                TIMER0_BRK_UP_TRG_CMT_IRQHandler
                0x08008e84                DMA1_Channel0_IRQHandler
                0x08008e84                TIMER6_IRQHandler
                0x08008e84                DMA1_Channel4_IRQHandler
                0x08008e84                DMA0_Channel3_IRQHandler
                0x08008e84                I2C0_ER_IRQHandler
                0x08008e84                CAN1_REC_IRQHandler
                0x08008e84                RTC_IRQHandler
                0x08008e84                CAN1_Busoff_IRQHandler
                0x08008e84                CAN0_Busoff_IRQHandler
                0x08008e84                TIMER20_BRK_UP_TRG_CMT_IRQHandler
                0x08008e84                DMA0_Channel2_IRQHandler
                0x08008e84                DMAMUX_IRQHandler
                0x08008e84                USART0_IRQHandler
                0x08008e84                TIMER1_IRQHandler
                0x08008e84                I2C1_EV_IRQHandler
                0x08008e84                EXTI10_15_IRQHandler
                0x08008e84                DMA1_Channel1_IRQHandler
                0x08008e84                Default_Handler
                0x08008e84                TIMER7_Channel_IRQHandler
                0x08008e84                WWDGT_IRQHandler
                0x08008e84                TIMER19_BRK_UP_TRG_CMT_IRQHandler
                0x08008e84                CAN1_Message_IRQHandler
                0x08008e84                MFCOM_IRQHandler
                0x08008e84                EXTI4_IRQHandler
                0x08008e84                DMA0_Channel5_IRQHandler
                0x08008e84                OVD_IRQHandler
                0x08008e84                DMA1_Channel3_IRQHandler
                0x08008e84                CAN0_Error_IRQHandler
                0x08008e84                EXTI5_9_IRQHandler
                0x08008e84                RCU_IRQHandler
                0x08008e84                DMA0_Channel1_IRQHandler
                0x08008e84                TIMER0_Channel_IRQHandler
                0x08008e84                EXTI1_IRQHandler
                0x08008e84                CAN0_FastError_IRQHandler
                0x08008e84                SPI0_IRQHandler
                0x08008e84                USART2_IRQHandler
                0x08008e84                DMA1_Channel2_IRQHandler
                0x08008e84                TIMER7_BRK_UP_TRG_CMT_IRQHandler
                0x08008e84                USART1_IRQHandler
                0x08008e84                CAN1_TEC_IRQHandler
                0x08008e84                I2C1_ER_IRQHandler
                0x08008e84                FMC_IRQHandler
                0x08008e84                DMA0_Channel4_IRQHandler
 *(.glue_7)
 .glue_7        0x08008e86        0x0 linker stubs
 *(.glue_7t)
 .glue_7t       0x08008e86        0x0 linker stubs
 *(.eh_frame)
 *(.init)
 *(.fini)
                0x08008e88                        . = ALIGN (0x4)
 *fill*         0x08008e86        0x2 
                0x08008e88                        _etext = .

.vfp11_veneer   0x08008e88        0x0
 .vfp11_veneer  0x08008e88        0x0 linker stubs

.v4_bx          0x08008e88        0x0
 .v4_bx         0x08008e88        0x0 linker stubs

.iplt           0x08008e88        0x0
 .iplt          0x08008e88        0x0 src/a2b.o

.rodata         0x08008e88      0xf88
                0x08008e88                        . = ALIGN (0x4)
 *(.rodata)
 .rodata        0x08008e88       0x18 Firmware/gd32e502_standard_peripheral/Source/gd32e502_rcu.o
 .rodata        0x08008ea0       0x20 /usr/lib/gcc/arm-none-eabi/13.2.1/../../../arm-none-eabi/lib/thumb/v8-m.main/nofp/libc.a(libc_a-vfprintf.o)
 .rodata        0x08008ec0      0x128 /usr/lib/gcc/arm-none-eabi/13.2.1/../../../arm-none-eabi/lib/thumb/v8-m.main/nofp/libc.a(libc_a-mprec.o)
                0x08008ed0                __mprec_tens
                0x08008f98                __mprec_tinytens
                0x08008fc0                __mprec_bigtens
 .rodata        0x08008fe8      0x101 /usr/lib/gcc/arm-none-eabi/13.2.1/../../../arm-none-eabi/lib/thumb/v8-m.main/nofp/libc.a(libc_a-ctype_.o)
                0x08008fe8                _ctype_
 *fill*         0x080090e9        0x3 
 .rodata        0x080090ec       0x20 /usr/lib/gcc/arm-none-eabi/13.2.1/../../../arm-none-eabi/lib/thumb/v8-m.main/nofp/libc.a(libc_a-vfiprintf.o)
 *(.rodata*)
 .rodata.a2b_spi_init.str1.4
                0x0800910c      0xc92 src/a2b.o
                                 0x1f (size before relaxing)
 .rodata.a2b_init.str1.4
                0x08009d9e       0x1b src/a2b.o
 .rodata.a2b_send_frame.str1.4
                0x08009d9e       0x29 src/a2b.o
 .rodata.a2b_discover_nodes.str1.4
                0x08009d9e       0x4a src/a2b.o
 .rodata.a2b_reset.str1.4
                0x08009d9e       0x31 src/a2b.o
 .rodata.handle_module_enable.str1.4
                0x08009d9e       0x2c src/aabcop.o
 .rodata.handle_mute_channels.str1.4
                0x08009d9e       0x69 src/aabcop.o
 .rodata.handle_channel_slot_assign.str1.4
                0x08009d9e       0x7a src/aabcop.o
 .rodata.handle_zone_volume.str1.4
                0x08009d9e       0x6e src/aabcop.o
 .rodata.handle_mute_zone.str1.4
                0x08009d9e       0x65 src/aabcop.o
 .rodata.handle_equalizer.str1.4
                0x08009d9e       0x9b src/aabcop.o
 .rodata.aabcop_init.str1.4
                0x08009d9e       0x2c src/aabcop.o
 .rodata.aabcop_send_command.str1.4
                0x08009d9e       0x28 src/aabcop.o
 .rodata.handle_network_startup.str1.4
                0x08009d9e       0x2a src/aabcop.o
 .rodata.aabcop_handle_messages.str1.4
                0x08009d9e       0xdb src/aabcop.o
 .rodata.aabcop_process.str1.4
                0x08009d9e       0x6e src/aabcop.o
 *fill*         0x08009d9e        0x2 
 .rodata.cmd_handlers
                0x08009da0       0x40 src/aabcop.o
 .rodata.KEY_PIN
                0x08009de0        0x8 src/gd32e502v_eval.o
 .rodata.KEY_PORT
                0x08009de8        0x8 src/gd32e502v_eval.o
 .rodata.GPIO_CLK
                0x08009df0        0x4 src/gd32e502v_eval.o
 .rodata.GPIO_PIN
                0x08009df4        0x8 src/gd32e502v_eval.o
 .rodata.GPIO_PORT
                0x08009dfc        0x8 src/gd32e502v_eval.o
 .rodata.main.str1.4
                0x08009e04      0x12a src/main.o
 .rodata.adc_config.str1.4
                0x08009e04       0x10 src/peripherals.o
 .rodata.dac_config.str1.4
                0x08009e04       0x10 src/peripherals.o
 .rodata.peripherals_init.str1.4
                0x08009e04       0x19 src/peripherals.o
 .rodata.socket_init.str1.4
                0x08009e04       0x37 src/socket_handler.o
 .rodata.analyze_message.str1.4
                0x08009e04      0x33a src/socket_handler.o
 .rodata.socket_process.str1.4
                0x08009e04      0x188 src/socket_handler.o
 .rodata.mock_data
                0x08009e04        0xc src/socket_handler.o
 .rodata.str1.4
                0x08009e10        0x2 /usr/lib/gcc/arm-none-eabi/13.2.1/../../../arm-none-eabi/lib/thumb/v8-m.main/nofp/libc.a(libc_a-puts.o)
 .rodata.str1.4
                0x08009e10       0x42 /usr/lib/gcc/arm-none-eabi/13.2.1/../../../arm-none-eabi/lib/thumb/v8-m.main/nofp/libc.a(libc_a-vfprintf.o)
 .rodata.str1.4
                0x08009e10       0x54 /usr/lib/gcc/arm-none-eabi/13.2.1/../../../arm-none-eabi/lib/thumb/v8-m.main/nofp/libc.a(libc_a-dtoa.o)
 .rodata.str1.4
                0x08009e10       0x43 /usr/lib/gcc/arm-none-eabi/13.2.1/../../../arm-none-eabi/lib/thumb/v8-m.main/nofp/libc.a(libc_a-assert.o)
 .rodata.str1.4
                0x08009e10       0x41 /usr/lib/gcc/arm-none-eabi/13.2.1/../../../arm-none-eabi/lib/thumb/v8-m.main/nofp/libc.a(libc_a-mprec.o)
 .rodata.str1.4
                0x08009e10       0x12 /usr/lib/gcc/arm-none-eabi/13.2.1/../../../arm-none-eabi/lib/thumb/v8-m.main/nofp/libc.a(libc_a-locale.o)
 .rodata.str1.4
                0x08009e10       0x2f /usr/lib/gcc/arm-none-eabi/13.2.1/../../../arm-none-eabi/lib/thumb/v8-m.main/nofp/libc.a(libc_a-vfiprintf.o)
                0x0800a140                        . = ALIGN (0x4)

.ARM.extab
 *(.ARM.extab* .gnu.linkonce.armextab.*)

.ARM            0x08009e10        0x8
                0x08009e10                        __exidx_start = .
 *(.ARM.exidx*)
 .ARM.exidx     0x08009e10        0x8 /usr/lib/gcc/arm-none-eabi/13.2.1/../../../arm-none-eabi/lib/thumb/v8-m.main/nofp/libc.a(libc_a-memcpy.o)
                0x08009e18                        __exidx_end = .

.rel.dyn        0x08009e18        0x0
 .rel.iplt      0x08009e18        0x0 src/a2b.o

.ARM.attributes
                0x08009e18       0x32
 *(.ARM.attributes)
 .ARM.attributes
                0x08009e18       0x34 src/a2b.o
 .ARM.attributes
                0x08009e4c       0x34 src/aabcop.o
 .ARM.attributes
                0x08009e80       0x34 src/gd32e502_it.o
 .ARM.attributes
                0x08009eb4       0x34 src/gd32e502v_eval.o
 .ARM.attributes
                0x08009ee8       0x34 src/main.o
 .ARM.attributes
                0x08009f1c       0x34 src/peripherals.o
 .ARM.attributes
                0x08009f50       0x34 src/socket_handler.o
 .ARM.attributes
                0x08009f84       0x34 src/syscalls.o
 .ARM.attributes
                0x08009fb8       0x34 src/systick.o
 .ARM.attributes
                0x08009fec       0x34 Firmware/CMSIS/GD/gd32e502/Source/system_gd32e502.o
 .ARM.attributes
                0x0800a020       0x34 Firmware/gd32e502_standard_peripheral/Source/gd32e502_adc.o
 .ARM.attributes
                0x0800a054       0x34 Firmware/gd32e502_standard_peripheral/Source/gd32e502_dac.o
 .ARM.attributes
                0x0800a088       0x34 Firmware/gd32e502_standard_peripheral/Source/gd32e502_gpio.o
 .ARM.attributes
                0x0800a0bc       0x34 Firmware/gd32e502_standard_peripheral/Source/gd32e502_misc.o
 .ARM.attributes
                0x0800a0f0       0x34 Firmware/gd32e502_standard_peripheral/Source/gd32e502_rcu.o
 .ARM.attributes
                0x0800a124       0x34 Firmware/gd32e502_standard_peripheral/Source/gd32e502_spi.o
 .ARM.attributes
                0x0800a158       0x34 Firmware/gd32e502_standard_peripheral/Source/gd32e502_syscfg.o
 .ARM.attributes
                0x0800a18c       0x34 Firmware/gd32e502_standard_peripheral/Source/gd32e502_usart.o
 .ARM.attributes
                0x0800a1c0       0x24 gcc_startup/startup_gd32e502.o
 .ARM.attributes
                0x0800a1e4       0x22 /usr/lib/gcc/arm-none-eabi/13.2.1/thumb/v8-m.main/nofp/libgcc.a(_arm_addsubdf3.o)
 .ARM.attributes
                0x0800a206       0x22 /usr/lib/gcc/arm-none-eabi/13.2.1/thumb/v8-m.main/nofp/libgcc.a(_arm_addsubsf3.o)
 .ARM.attributes
                0x0800a228       0x22 /usr/lib/gcc/arm-none-eabi/13.2.1/thumb/v8-m.main/nofp/libgcc.a(_arm_muldivsf3.o)
 .ARM.attributes
                0x0800a24a       0x32 /usr/lib/gcc/arm-none-eabi/13.2.1/../../../arm-none-eabi/lib/thumb/v8-m.main/nofp/libc.a(libc_a-memset.o)
 .ARM.attributes
                0x0800a27c       0x32 /usr/lib/gcc/arm-none-eabi/13.2.1/../../../arm-none-eabi/lib/thumb/v8-m.main/nofp/libc.a(libc_a-errno.o)
 .ARM.attributes
                0x0800a2ae       0x32 /usr/lib/gcc/arm-none-eabi/13.2.1/../../../arm-none-eabi/lib/thumb/v8-m.main/nofp/libc.a(libc_a-impure.o)
 .ARM.attributes
                0x0800a2e0       0x20 /usr/lib/gcc/arm-none-eabi/13.2.1/../../../arm-none-eabi/lib/thumb/v8-m.main/nofp/libc.a(libc_a-memcpy.o)
 .ARM.attributes
                0x0800a300       0x32 /usr/lib/gcc/arm-none-eabi/13.2.1/../../../arm-none-eabi/lib/thumb/v8-m.main/nofp/libc.a(libc_a-init.o)
 .ARM.attributes
                0x0800a332       0x32 /usr/lib/gcc/arm-none-eabi/13.2.1/../../../arm-none-eabi/lib/thumb/v8-m.main/nofp/libc.a(libc_a-findfp.o)
 .ARM.attributes
                0x0800a364       0x32 /usr/lib/gcc/arm-none-eabi/13.2.1/../../../arm-none-eabi/lib/thumb/v8-m.main/nofp/libc.a(libc_a-puts.o)
 .ARM.attributes
                0x0800a396       0x32 /usr/lib/gcc/arm-none-eabi/13.2.1/../../../arm-none-eabi/lib/thumb/v8-m.main/nofp/libc.a(libc_a-fvwrite.o)
 .ARM.attributes
                0x0800a3c8       0x32 /usr/lib/gcc/arm-none-eabi/13.2.1/../../../arm-none-eabi/lib/thumb/v8-m.main/nofp/libc.a(libc_a-strlen-stub.o)
 .ARM.attributes
                0x0800a3fa       0x32 /usr/lib/gcc/arm-none-eabi/13.2.1/../../../arm-none-eabi/lib/thumb/v8-m.main/nofp/libc.a(libc_a-printf.o)
 .ARM.attributes
                0x0800a42c       0x32 /usr/lib/gcc/arm-none-eabi/13.2.1/../../../arm-none-eabi/lib/thumb/v8-m.main/nofp/libc.a(libc_a-memchr-stub.o)
 .ARM.attributes
                0x0800a45e       0x32 /usr/lib/gcc/arm-none-eabi/13.2.1/../../../arm-none-eabi/lib/thumb/v8-m.main/nofp/libc.a(libc_a-fwalk.o)
 .ARM.attributes
                0x0800a490       0x32 /usr/lib/gcc/arm-none-eabi/13.2.1/../../../arm-none-eabi/lib/thumb/v8-m.main/nofp/libc.a(libc_a-vfprintf.o)
 .ARM.attributes
                0x0800a4c2       0x32 /usr/lib/gcc/arm-none-eabi/13.2.1/../../../arm-none-eabi/lib/thumb/v8-m.main/nofp/libc.a(libc_a-fflush.o)
 .ARM.attributes
                0x0800a4f4       0x32 /usr/lib/gcc/arm-none-eabi/13.2.1/../../../arm-none-eabi/lib/thumb/v8-m.main/nofp/libc.a(libc_a-memmove.o)
 .ARM.attributes
                0x0800a526       0x32 /usr/lib/gcc/arm-none-eabi/13.2.1/../../../arm-none-eabi/lib/thumb/v8-m.main/nofp/libc.a(libc_a-mallocr.o)
 .ARM.attributes
                0x0800a558       0x32 /usr/lib/gcc/arm-none-eabi/13.2.1/../../../arm-none-eabi/lib/thumb/v8-m.main/nofp/libc.a(libc_a-dtoa.o)
 .ARM.attributes
                0x0800a58a       0x32 /usr/lib/gcc/arm-none-eabi/13.2.1/../../../arm-none-eabi/lib/thumb/v8-m.main/nofp/libc.a(libc_a-wsetup.o)
 .ARM.attributes
                0x0800a5bc       0x32 /usr/lib/gcc/arm-none-eabi/13.2.1/../../../arm-none-eabi/lib/thumb/v8-m.main/nofp/libc.a(libc_a-freer.o)
 .ARM.attributes
                0x0800a5ee       0x32 /usr/lib/gcc/arm-none-eabi/13.2.1/../../../arm-none-eabi/lib/thumb/v8-m.main/nofp/libc.a(libc_a-fclose.o)
 .ARM.attributes
                0x0800a620       0x32 /usr/lib/gcc/arm-none-eabi/13.2.1/../../../arm-none-eabi/lib/thumb/v8-m.main/nofp/libc.a(libc_a-sysconf.o)
 .ARM.attributes
                0x0800a652       0x32 /usr/lib/gcc/arm-none-eabi/13.2.1/../../../arm-none-eabi/lib/thumb/v8-m.main/nofp/libc.a(libc_a-stdio.o)
 .ARM.attributes
                0x0800a684       0x32 /usr/lib/gcc/arm-none-eabi/13.2.1/../../../arm-none-eabi/lib/thumb/v8-m.main/nofp/libc.a(libc_a-reallocr.o)
 .ARM.attributes
                0x0800a6b6       0x32 /usr/lib/gcc/arm-none-eabi/13.2.1/../../../arm-none-eabi/lib/thumb/v8-m.main/nofp/libc.a(libc_a-writer.o)
 .ARM.attributes
                0x0800a6e8       0x32 /usr/lib/gcc/arm-none-eabi/13.2.1/../../../arm-none-eabi/lib/thumb/v8-m.main/nofp/libc.a(libc_a-mlock.o)
 .ARM.attributes
                0x0800a71a       0x32 /usr/lib/gcc/arm-none-eabi/13.2.1/../../../arm-none-eabi/lib/thumb/v8-m.main/nofp/libc.a(libc_a-sbrkr.o)
 .ARM.attributes
                0x0800a74c       0x32 /usr/lib/gcc/arm-none-eabi/13.2.1/../../../arm-none-eabi/lib/thumb/v8-m.main/nofp/libc.a(libc_a-closer.o)
 .ARM.attributes
                0x0800a77e       0x32 /usr/lib/gcc/arm-none-eabi/13.2.1/../../../arm-none-eabi/lib/thumb/v8-m.main/nofp/libc.a(libc_a-sprint_r.o)
 .ARM.attributes
                0x0800a7b0       0x32 /usr/lib/gcc/arm-none-eabi/13.2.1/../../../arm-none-eabi/lib/thumb/v8-m.main/nofp/libc.a(libc_a-assert.o)
 .ARM.attributes
                0x0800a7e2       0x32 /usr/lib/gcc/arm-none-eabi/13.2.1/../../../arm-none-eabi/lib/thumb/v8-m.main/nofp/libc.a(libc_a-mprec.o)
 .ARM.attributes
                0x0800a814       0x32 /usr/lib/gcc/arm-none-eabi/13.2.1/../../../arm-none-eabi/lib/thumb/v8-m.main/nofp/libc.a(libc_a-localeconv.o)
 .ARM.attributes
                0x0800a846       0x32 /usr/lib/gcc/arm-none-eabi/13.2.1/../../../arm-none-eabi/lib/thumb/v8-m.main/nofp/libc.a(libc_a-makebuf.o)
 .ARM.attributes
                0x0800a878       0x32 /usr/lib/gcc/arm-none-eabi/13.2.1/../../../arm-none-eabi/lib/thumb/v8-m.main/nofp/libc.a(libc_a-locale.o)
 .ARM.attributes
                0x0800a8aa       0x32 /usr/lib/gcc/arm-none-eabi/13.2.1/../../../arm-none-eabi/lib/thumb/v8-m.main/nofp/libc.a(libc_a-mbtowc_r.o)
 .ARM.attributes
                0x0800a8dc       0x32 /usr/lib/gcc/arm-none-eabi/13.2.1/../../../arm-none-eabi/lib/thumb/v8-m.main/nofp/libc.a(libc_a-abort.o)
 .ARM.attributes
                0x0800a90e       0x32 /usr/lib/gcc/arm-none-eabi/13.2.1/../../../arm-none-eabi/lib/thumb/v8-m.main/nofp/libc.a(libc_a-callocr.o)
 .ARM.attributes
                0x0800a940       0x32 /usr/lib/gcc/arm-none-eabi/13.2.1/../../../arm-none-eabi/lib/thumb/v8-m.main/nofp/libc.a(libc_a-readr.o)
 .ARM.attributes
                0x0800a972       0x32 /usr/lib/gcc/arm-none-eabi/13.2.1/../../../arm-none-eabi/lib/thumb/v8-m.main/nofp/libc.a(libc_a-fiprintf.o)
 .ARM.attributes
                0x0800a9a4       0x32 /usr/lib/gcc/arm-none-eabi/13.2.1/../../../arm-none-eabi/lib/thumb/v8-m.main/nofp/libc.a(libc_a-wctomb_r.o)
 .ARM.attributes
                0x0800a9d6       0x32 /usr/lib/gcc/arm-none-eabi/13.2.1/../../../arm-none-eabi/lib/thumb/v8-m.main/nofp/libc.a(libc_a-lseekr.o)
 .ARM.attributes
                0x0800aa08       0x32 /usr/lib/gcc/arm-none-eabi/13.2.1/../../../arm-none-eabi/lib/thumb/v8-m.main/nofp/libc.a(libc_a-reent.o)
 .ARM.attributes
                0x0800aa3a       0x32 /usr/lib/gcc/arm-none-eabi/13.2.1/../../../arm-none-eabi/lib/thumb/v8-m.main/nofp/libc.a(libc_a-fstatr.o)
 .ARM.attributes
                0x0800aa6c       0x32 /usr/lib/gcc/arm-none-eabi/13.2.1/../../../arm-none-eabi/lib/thumb/v8-m.main/nofp/libc.a(libc_a-isattyr.o)
 .ARM.attributes
                0x0800aa9e       0x32 /usr/lib/gcc/arm-none-eabi/13.2.1/../../../arm-none-eabi/lib/thumb/v8-m.main/nofp/libc.a(libc_a-ctype_.o)
 .ARM.attributes
                0x0800aad0       0x32 /usr/lib/gcc/arm-none-eabi/13.2.1/../../../arm-none-eabi/lib/thumb/v8-m.main/nofp/libc.a(libc_a-signal.o)
 .ARM.attributes
                0x0800ab02       0x32 /usr/lib/gcc/arm-none-eabi/13.2.1/../../../arm-none-eabi/lib/thumb/v8-m.main/nofp/libc.a(libc_a-signalr.o)
 .ARM.attributes
                0x0800ab34       0x32 /usr/lib/gcc/arm-none-eabi/13.2.1/../../../arm-none-eabi/lib/thumb/v8-m.main/nofp/libc.a(libc_a-vfiprintf.o)
 .ARM.attributes
                0x0800ab66       0x22 /usr/lib/gcc/arm-none-eabi/13.2.1/thumb/v8-m.main/nofp/libgcc.a(_arm_muldivdf3.o)
 .ARM.attributes
                0x0800ab88       0x22 /usr/lib/gcc/arm-none-eabi/13.2.1/thumb/v8-m.main/nofp/libgcc.a(_arm_cmpdf2.o)
 .ARM.attributes
                0x0800abaa       0x22 /usr/lib/gcc/arm-none-eabi/13.2.1/thumb/v8-m.main/nofp/libgcc.a(_arm_unorddf2.o)
 .ARM.attributes
                0x0800abcc       0x22 /usr/lib/gcc/arm-none-eabi/13.2.1/thumb/v8-m.main/nofp/libgcc.a(_arm_fixdfsi.o)

.preinit_array  0x08009e18        0x0
                0x08009e18                        PROVIDE (__preinit_array_start = .)
 *(.preinit_array*)
                0x08009e18                        PROVIDE (__preinit_array_end = .)

.init_array     0x08009e18        0x0
                0x08009e18                        PROVIDE (__init_array_start = .)
 *(SORT_BY_NAME(.init_array.*))
 *(.init_array*)
                0x08009e18                        PROVIDE (__init_array_end = .)

.fini_array     0x08009e18        0x0
                [!provide]                        PROVIDE (__fini_array_start = .)
 *(.fini_array*)
 *(SORT_BY_NAME(.fini_array.*))
                [!provide]                        PROVIDE (__fini_array_end = .)
                0x08009e18                        _sidata = LOADADDR (.data)

.data           0x20000000      0x6c4 load address 0x08009e18
                0x20000000                        . = ALIGN (0x4)
                0x20000000                        _sdata = .
 *(.data)
 .data          0x20000000      0x128 /usr/lib/gcc/arm-none-eabi/13.2.1/../../../arm-none-eabi/lib/thumb/v8-m.main/nofp/libc.a(libc_a-impure.o)
                0x20000000                _impure_ptr
                0x20000008                _impure_data
 .data          0x20000128        0xc /usr/lib/gcc/arm-none-eabi/13.2.1/../../../arm-none-eabi/lib/thumb/v8-m.main/nofp/libc.a(libc_a-findfp.o)
                0x20000128                __sglue
 *fill*         0x20000134        0x4 
 .data          0x20000138      0x410 /usr/lib/gcc/arm-none-eabi/13.2.1/../../../arm-none-eabi/lib/thumb/v8-m.main/nofp/libc.a(libc_a-mallocr.o)
                0x20000138                __malloc_av_
                0x20000540                __malloc_sbrk_base
                0x20000544                __malloc_trim_threshold
 .data          0x20000548      0x16c /usr/lib/gcc/arm-none-eabi/13.2.1/../../../arm-none-eabi/lib/thumb/v8-m.main/nofp/libc.a(libc_a-locale.o)
                0x20000548                __global_locale
 *(.data*)
 .data.expected_counter
                0x200006b4        0x1 src/socket_handler.o
 *fill*         0x200006b5        0x3 
 .data.client_fd
                0x200006b8        0x4 src/socket_handler.o
 .data.server_fd
                0x200006bc        0x4 src/socket_handler.o
 .data.SystemCoreClock
                0x200006c0        0x4 Firmware/CMSIS/GD/gd32e502/Source/system_gd32e502.o
                0x200006c0                SystemCoreClock
                0x200006c4                        . = ALIGN (0x4)
                0x200006c4                        _edata = .

.igot.plt       0x200006c4        0x0 load address 0x0800a4dc
 .igot.plt      0x200006c4        0x0 src/a2b.o
                0x200006c4                        . = ALIGN (0x4)

.bss            0x200006c4      0x284 load address 0x0800a4dc
                0x200006c4                        . = ALIGN (0x4)
                0x200006c4                        _sbss = .
                0x200006c4                        __bss_start__ = _sbss
 *(.bss)
 .bss           0x200006c4      0x13c /usr/lib/gcc/arm-none-eabi/13.2.1/../../../arm-none-eabi/lib/thumb/v8-m.main/nofp/libc.a(libc_a-findfp.o)
                0x200006c4                __sf
                0x200007fc                __stdio_exit_handler
 .bss           0x20000800       0x34 /usr/lib/gcc/arm-none-eabi/13.2.1/../../../arm-none-eabi/lib/thumb/v8-m.main/nofp/libc.a(libc_a-mallocr.o)
                0x20000800                __malloc_top_pad
                0x20000804                __malloc_current_mallinfo
                0x2000082c                __malloc_max_sbrked_mem
                0x20000830                __malloc_max_total_mem
 .bss           0x20000834        0x4 /usr/lib/gcc/arm-none-eabi/13.2.1/../../../arm-none-eabi/lib/thumb/v8-m.main/nofp/libc.a(libc_a-reent.o)
                0x20000834                errno
 *(.bss*)
 .bss.a2b_network
                0x20000838       0x31 src/a2b.o
 *fill*         0x20000869        0x3 
 .bss.dang8100_state
                0x2000086c       0x14 src/aabcop.o
 .bss.rx_mailbox
                0x20000880        0x5 src/aabcop.o
 *fill*         0x20000885        0x3 
 .bss.tx_mailbox
                0x20000888        0x5 src/aabcop.o
 .bss.aabcop_state
                0x2000088d        0x1 src/aabcop.o
 *fill*         0x2000088e        0x2 
 .bss.led_counter.0
                0x20000890        0x4 src/main.o
 .bss.prev_state.1
                0x20000894        0x1 src/main.o
 *fill*         0x20000895        0x3 
 .bss.led_counter
                0x20000898        0x4 src/peripherals.o
 .bss.dac_mute_state
                0x2000089c        0x2 src/peripherals.o
 *fill*         0x2000089e        0x2 
 .bss.adc_values
                0x200008a0        0x6 src/peripherals.o
 .bss.is_parsing_multi_frame
                0x200008a6        0x1 src/socket_handler.o
 .bss.expected_data_size
                0x200008a7        0x1 src/socket_handler.o
 .bss.current_cid
                0x200008a8        0x1 src/socket_handler.o
 *fill*         0x200008a9        0x1 
 .bss.parsed_data_size
                0x200008aa        0x2 src/socket_handler.o
 .bss.parsed_data_buffer
                0x200008ac       0x80 src/socket_handler.o
 .bss.last_mock_data_time
                0x2000092c        0x4 src/socket_handler.o
 .bss.mock_data_index
                0x20000930        0x2 src/socket_handler.o
 *fill*         0x20000932        0x2 
 .bss.mailbox_buffer
                0x20000934        0x4 src/socket_handler.o
 .bss.is_socket_initialized
                0x20000938        0x1 src/socket_handler.o
 .bss.socket_status
                0x20000939        0x1 src/socket_handler.o
 *fill*         0x2000093a        0x2 
 .bss.heap_end  0x2000093c        0x4 src/syscalls.o
 .bss.systick_counter
                0x20000940        0x4 src/systick.o
 .bss.delay     0x20000944        0x4 src/systick.o
 *(COMMON)
                0x20000948                        . = ALIGN (0x4)
                0x20000948                        _ebss = .
                0x20000948                        __bss_end__ = _ebss

.heap_stack     0x20000948      0xc00 load address 0x0800a4dc
                0x20000948                        . = ALIGN (0x8)
                [!provide]                        PROVIDE (end = _ebss)
                0x20000948                        PROVIDE (_end = _ebss)
                0x20000d48                        . = (. + __heap_size)
 *fill*         0x20000948      0x400 
                [!provide]                        PROVIDE (_heap_end = .)
                0x20001548                        . = (. + __stack_size)
 *fill*         0x20000d48      0x800 
                0x20001548                        PROVIDE (_sp = .)
                0x20001548                        PROVIDE (_estack = .)
                0x20001548                        . = ALIGN (0x8)
START GROUP
LOAD /usr/lib/gcc/arm-none-eabi/13.2.1/thumb/v8-m.main/nofp/libgcc.a
LOAD /usr/lib/gcc/arm-none-eabi/13.2.1/../../../arm-none-eabi/lib/thumb/v8-m.main/nofp/libc.a
LOAD /usr/lib/gcc/arm-none-eabi/13.2.1/../../../arm-none-eabi/lib/thumb/v8-m.main/nofp/libm.a
LOAD /usr/lib/gcc/arm-none-eabi/13.2.1/../../../arm-none-eabi/lib/thumb/v8-m.main/nofp/libnosys.a
END GROUP
OUTPUT(firmware.elf elf32-littlearm)
LOAD linker stubs

.comment        0x00000000       0x26
 .comment       0x00000000       0x26 src/a2b.o
                                 0x27 (size before relaxing)
 .comment       0x00000026       0x27 src/aabcop.o
 .comment       0x00000026       0x27 src/gd32e502_it.o
 .comment       0x00000026       0x27 src/gd32e502v_eval.o
 .comment       0x00000026       0x27 src/main.o
 .comment       0x00000026       0x27 src/peripherals.o
 .comment       0x00000026       0x27 src/socket_handler.o
 .comment       0x00000026       0x27 src/syscalls.o
 .comment       0x00000026       0x27 src/systick.o
 .comment       0x00000026       0x27 Firmware/CMSIS/GD/gd32e502/Source/system_gd32e502.o
 .comment       0x00000026       0x27 Firmware/gd32e502_standard_peripheral/Source/gd32e502_adc.o
 .comment       0x00000026       0x27 Firmware/gd32e502_standard_peripheral/Source/gd32e502_dac.o
 .comment       0x00000026       0x27 Firmware/gd32e502_standard_peripheral/Source/gd32e502_gpio.o
 .comment       0x00000026       0x27 Firmware/gd32e502_standard_peripheral/Source/gd32e502_misc.o
 .comment       0x00000026       0x27 Firmware/gd32e502_standard_peripheral/Source/gd32e502_rcu.o
 .comment       0x00000026       0x27 Firmware/gd32e502_standard_peripheral/Source/gd32e502_spi.o
 .comment       0x00000026       0x27 Firmware/gd32e502_standard_peripheral/Source/gd32e502_syscfg.o
 .comment       0x00000026       0x27 Firmware/gd32e502_standard_peripheral/Source/gd32e502_usart.o
 .comment       0x00000026       0x27 /usr/lib/gcc/arm-none-eabi/13.2.1/../../../arm-none-eabi/lib/thumb/v8-m.main/nofp/libc.a(libc_a-memset.o)
 .comment       0x00000026       0x27 /usr/lib/gcc/arm-none-eabi/13.2.1/../../../arm-none-eabi/lib/thumb/v8-m.main/nofp/libc.a(libc_a-errno.o)
 .comment       0x00000026       0x27 /usr/lib/gcc/arm-none-eabi/13.2.1/../../../arm-none-eabi/lib/thumb/v8-m.main/nofp/libc.a(libc_a-impure.o)
 .comment       0x00000026       0x27 /usr/lib/gcc/arm-none-eabi/13.2.1/../../../arm-none-eabi/lib/thumb/v8-m.main/nofp/libc.a(libc_a-init.o)
 .comment       0x00000026       0x27 /usr/lib/gcc/arm-none-eabi/13.2.1/../../../arm-none-eabi/lib/thumb/v8-m.main/nofp/libc.a(libc_a-findfp.o)
 .comment       0x00000026       0x27 /usr/lib/gcc/arm-none-eabi/13.2.1/../../../arm-none-eabi/lib/thumb/v8-m.main/nofp/libc.a(libc_a-puts.o)
 .comment       0x00000026       0x27 /usr/lib/gcc/arm-none-eabi/13.2.1/../../../arm-none-eabi/lib/thumb/v8-m.main/nofp/libc.a(libc_a-fvwrite.o)
 .comment       0x00000026       0x27 /usr/lib/gcc/arm-none-eabi/13.2.1/../../../arm-none-eabi/lib/thumb/v8-m.main/nofp/libc.a(libc_a-strlen-stub.o)
 .comment       0x00000026       0x27 /usr/lib/gcc/arm-none-eabi/13.2.1/../../../arm-none-eabi/lib/thumb/v8-m.main/nofp/libc.a(libc_a-printf.o)
 .comment       0x00000026       0x27 /usr/lib/gcc/arm-none-eabi/13.2.1/../../../arm-none-eabi/lib/thumb/v8-m.main/nofp/libc.a(libc_a-memchr-stub.o)
 .comment       0x00000026       0x27 /usr/lib/gcc/arm-none-eabi/13.2.1/../../../arm-none-eabi/lib/thumb/v8-m.main/nofp/libc.a(libc_a-fwalk.o)
 .comment       0x00000026       0x27 /usr/lib/gcc/arm-none-eabi/13.2.1/../../../arm-none-eabi/lib/thumb/v8-m.main/nofp/libc.a(libc_a-vfprintf.o)
 .comment       0x00000026       0x27 /usr/lib/gcc/arm-none-eabi/13.2.1/../../../arm-none-eabi/lib/thumb/v8-m.main/nofp/libc.a(libc_a-fflush.o)
 .comment       0x00000026       0x27 /usr/lib/gcc/arm-none-eabi/13.2.1/../../../arm-none-eabi/lib/thumb/v8-m.main/nofp/libc.a(libc_a-memmove.o)
 .comment       0x00000026       0x27 /usr/lib/gcc/arm-none-eabi/13.2.1/../../../arm-none-eabi/lib/thumb/v8-m.main/nofp/libc.a(libc_a-mallocr.o)
 .comment       0x00000026       0x27 /usr/lib/gcc/arm-none-eabi/13.2.1/../../../arm-none-eabi/lib/thumb/v8-m.main/nofp/libc.a(libc_a-dtoa.o)
 .comment       0x00000026       0x27 /usr/lib/gcc/arm-none-eabi/13.2.1/../../../arm-none-eabi/lib/thumb/v8-m.main/nofp/libc.a(libc_a-wsetup.o)
 .comment       0x00000026       0x27 /usr/lib/gcc/arm-none-eabi/13.2.1/../../../arm-none-eabi/lib/thumb/v8-m.main/nofp/libc.a(libc_a-freer.o)
 .comment       0x00000026       0x27 /usr/lib/gcc/arm-none-eabi/13.2.1/../../../arm-none-eabi/lib/thumb/v8-m.main/nofp/libc.a(libc_a-fclose.o)
 .comment       0x00000026       0x27 /usr/lib/gcc/arm-none-eabi/13.2.1/../../../arm-none-eabi/lib/thumb/v8-m.main/nofp/libc.a(libc_a-sysconf.o)
 .comment       0x00000026       0x27 /usr/lib/gcc/arm-none-eabi/13.2.1/../../../arm-none-eabi/lib/thumb/v8-m.main/nofp/libc.a(libc_a-stdio.o)
 .comment       0x00000026       0x27 /usr/lib/gcc/arm-none-eabi/13.2.1/../../../arm-none-eabi/lib/thumb/v8-m.main/nofp/libc.a(libc_a-reallocr.o)
 .comment       0x00000026       0x27 /usr/lib/gcc/arm-none-eabi/13.2.1/../../../arm-none-eabi/lib/thumb/v8-m.main/nofp/libc.a(libc_a-writer.o)
 .comment       0x00000026       0x27 /usr/lib/gcc/arm-none-eabi/13.2.1/../../../arm-none-eabi/lib/thumb/v8-m.main/nofp/libc.a(libc_a-mlock.o)
 .comment       0x00000026       0x27 /usr/lib/gcc/arm-none-eabi/13.2.1/../../../arm-none-eabi/lib/thumb/v8-m.main/nofp/libc.a(libc_a-sbrkr.o)
 .comment       0x00000026       0x27 /usr/lib/gcc/arm-none-eabi/13.2.1/../../../arm-none-eabi/lib/thumb/v8-m.main/nofp/libc.a(libc_a-closer.o)
 .comment       0x00000026       0x27 /usr/lib/gcc/arm-none-eabi/13.2.1/../../../arm-none-eabi/lib/thumb/v8-m.main/nofp/libc.a(libc_a-sprint_r.o)
 .comment       0x00000026       0x27 /usr/lib/gcc/arm-none-eabi/13.2.1/../../../arm-none-eabi/lib/thumb/v8-m.main/nofp/libc.a(libc_a-assert.o)
 .comment       0x00000026       0x27 /usr/lib/gcc/arm-none-eabi/13.2.1/../../../arm-none-eabi/lib/thumb/v8-m.main/nofp/libc.a(libc_a-mprec.o)
 .comment       0x00000026       0x27 /usr/lib/gcc/arm-none-eabi/13.2.1/../../../arm-none-eabi/lib/thumb/v8-m.main/nofp/libc.a(libc_a-localeconv.o)
 .comment       0x00000026       0x27 /usr/lib/gcc/arm-none-eabi/13.2.1/../../../arm-none-eabi/lib/thumb/v8-m.main/nofp/libc.a(libc_a-makebuf.o)
 .comment       0x00000026       0x27 /usr/lib/gcc/arm-none-eabi/13.2.1/../../../arm-none-eabi/lib/thumb/v8-m.main/nofp/libc.a(libc_a-locale.o)
 .comment       0x00000026       0x27 /usr/lib/gcc/arm-none-eabi/13.2.1/../../../arm-none-eabi/lib/thumb/v8-m.main/nofp/libc.a(libc_a-mbtowc_r.o)
 .comment       0x00000026       0x27 /usr/lib/gcc/arm-none-eabi/13.2.1/../../../arm-none-eabi/lib/thumb/v8-m.main/nofp/libc.a(libc_a-abort.o)
 .comment       0x00000026       0x27 /usr/lib/gcc/arm-none-eabi/13.2.1/../../../arm-none-eabi/lib/thumb/v8-m.main/nofp/libc.a(libc_a-callocr.o)
 .comment       0x00000026       0x27 /usr/lib/gcc/arm-none-eabi/13.2.1/../../../arm-none-eabi/lib/thumb/v8-m.main/nofp/libc.a(libc_a-readr.o)
 .comment       0x00000026       0x27 /usr/lib/gcc/arm-none-eabi/13.2.1/../../../arm-none-eabi/lib/thumb/v8-m.main/nofp/libc.a(libc_a-fiprintf.o)
 .comment       0x00000026       0x27 /usr/lib/gcc/arm-none-eabi/13.2.1/../../../arm-none-eabi/lib/thumb/v8-m.main/nofp/libc.a(libc_a-wctomb_r.o)
 .comment       0x00000026       0x27 /usr/lib/gcc/arm-none-eabi/13.2.1/../../../arm-none-eabi/lib/thumb/v8-m.main/nofp/libc.a(libc_a-lseekr.o)
 .comment       0x00000026       0x27 /usr/lib/gcc/arm-none-eabi/13.2.1/../../../arm-none-eabi/lib/thumb/v8-m.main/nofp/libc.a(libc_a-reent.o)
 .comment       0x00000026       0x27 /usr/lib/gcc/arm-none-eabi/13.2.1/../../../arm-none-eabi/lib/thumb/v8-m.main/nofp/libc.a(libc_a-fstatr.o)
 .comment       0x00000026       0x27 /usr/lib/gcc/arm-none-eabi/13.2.1/../../../arm-none-eabi/lib/thumb/v8-m.main/nofp/libc.a(libc_a-isattyr.o)
 .comment       0x00000026       0x27 /usr/lib/gcc/arm-none-eabi/13.2.1/../../../arm-none-eabi/lib/thumb/v8-m.main/nofp/libc.a(libc_a-ctype_.o)
 .comment       0x00000026       0x27 /usr/lib/gcc/arm-none-eabi/13.2.1/../../../arm-none-eabi/lib/thumb/v8-m.main/nofp/libc.a(libc_a-signal.o)
 .comment       0x00000026       0x27 /usr/lib/gcc/arm-none-eabi/13.2.1/../../../arm-none-eabi/lib/thumb/v8-m.main/nofp/libc.a(libc_a-signalr.o)
 .comment       0x00000026       0x27 /usr/lib/gcc/arm-none-eabi/13.2.1/../../../arm-none-eabi/lib/thumb/v8-m.main/nofp/libc.a(libc_a-vfiprintf.o)

.debug_line     0x00000000     0xc1de
 .debug_line    0x00000000      0x16f /usr/lib/gcc/arm-none-eabi/13.2.1/thumb/v8-m.main/nofp/libgcc.a(_arm_addsubdf3.o)
 .debug_line    0x0000016f      0x103 /usr/lib/gcc/arm-none-eabi/13.2.1/thumb/v8-m.main/nofp/libgcc.a(_arm_addsubsf3.o)
 .debug_line    0x00000272      0x123 /usr/lib/gcc/arm-none-eabi/13.2.1/thumb/v8-m.main/nofp/libgcc.a(_arm_muldivsf3.o)
 .debug_line    0x00000395      0x1b6 /usr/lib/gcc/arm-none-eabi/13.2.1/../../../arm-none-eabi/lib/thumb/v8-m.main/nofp/libc.a(libc_a-memset.o)
 .debug_line    0x0000054b      0x10c /usr/lib/gcc/arm-none-eabi/13.2.1/../../../arm-none-eabi/lib/thumb/v8-m.main/nofp/libc.a(libc_a-errno.o)
 .debug_line    0x00000657       0xe7 /usr/lib/gcc/arm-none-eabi/13.2.1/../../../arm-none-eabi/lib/thumb/v8-m.main/nofp/libc.a(libc_a-impure.o)
 .debug_line    0x0000073e       0xbd /usr/lib/gcc/arm-none-eabi/13.2.1/../../../arm-none-eabi/lib/thumb/v8-m.main/nofp/libc.a(libc_a-memcpy.o)
 .debug_line    0x000007fb      0x129 /usr/lib/gcc/arm-none-eabi/13.2.1/../../../arm-none-eabi/lib/thumb/v8-m.main/nofp/libc.a(libc_a-init.o)
 .debug_line    0x00000924      0x516 /usr/lib/gcc/arm-none-eabi/13.2.1/../../../arm-none-eabi/lib/thumb/v8-m.main/nofp/libc.a(libc_a-findfp.o)
 .debug_line    0x00000e3a      0x25c /usr/lib/gcc/arm-none-eabi/13.2.1/../../../arm-none-eabi/lib/thumb/v8-m.main/nofp/libc.a(libc_a-puts.o)
 .debug_line    0x00001096      0x606 /usr/lib/gcc/arm-none-eabi/13.2.1/../../../arm-none-eabi/lib/thumb/v8-m.main/nofp/libc.a(libc_a-fvwrite.o)
 .debug_line    0x0000169c       0xf4 /usr/lib/gcc/arm-none-eabi/13.2.1/../../../arm-none-eabi/lib/thumb/v8-m.main/nofp/libc.a(libc_a-strlen-stub.o)
 .debug_line    0x00001790      0x1c8 /usr/lib/gcc/arm-none-eabi/13.2.1/../../../arm-none-eabi/lib/thumb/v8-m.main/nofp/libc.a(libc_a-printf.o)
 .debug_line    0x00001958      0x1fd /usr/lib/gcc/arm-none-eabi/13.2.1/../../../arm-none-eabi/lib/thumb/v8-m.main/nofp/libc.a(libc_a-memchr-stub.o)
 .debug_line    0x00001b55      0x1ce /usr/lib/gcc/arm-none-eabi/13.2.1/../../../arm-none-eabi/lib/thumb/v8-m.main/nofp/libc.a(libc_a-fwalk.o)
 .debug_line    0x00001d23     0x1b55 /usr/lib/gcc/arm-none-eabi/13.2.1/../../../arm-none-eabi/lib/thumb/v8-m.main/nofp/libc.a(libc_a-vfprintf.o)
 .debug_line    0x00003878      0x46d /usr/lib/gcc/arm-none-eabi/13.2.1/../../../arm-none-eabi/lib/thumb/v8-m.main/nofp/libc.a(libc_a-fflush.o)
 .debug_line    0x00003ce5      0x206 /usr/lib/gcc/arm-none-eabi/13.2.1/../../../arm-none-eabi/lib/thumb/v8-m.main/nofp/libc.a(libc_a-memmove.o)
 .debug_line    0x00003eeb      0x8b4 /usr/lib/gcc/arm-none-eabi/13.2.1/../../../arm-none-eabi/lib/thumb/v8-m.main/nofp/libc.a(libc_a-mallocr.o)
 .debug_line    0x0000479f     0x13f8 /usr/lib/gcc/arm-none-eabi/13.2.1/../../../arm-none-eabi/lib/thumb/v8-m.main/nofp/libc.a(libc_a-dtoa.o)
 .debug_line    0x00005b97      0x2ac /usr/lib/gcc/arm-none-eabi/13.2.1/../../../arm-none-eabi/lib/thumb/v8-m.main/nofp/libc.a(libc_a-wsetup.o)
 .debug_line    0x00005e43      0x543 /usr/lib/gcc/arm-none-eabi/13.2.1/../../../arm-none-eabi/lib/thumb/v8-m.main/nofp/libc.a(libc_a-freer.o)
 .debug_line    0x00006386      0x253 /usr/lib/gcc/arm-none-eabi/13.2.1/../../../arm-none-eabi/lib/thumb/v8-m.main/nofp/libc.a(libc_a-fclose.o)
 .debug_line    0x000065d9       0xf0 /usr/lib/gcc/arm-none-eabi/13.2.1/../../../arm-none-eabi/lib/thumb/v8-m.main/nofp/libc.a(libc_a-sysconf.o)
 .debug_line    0x000066c9      0x244 /usr/lib/gcc/arm-none-eabi/13.2.1/../../../arm-none-eabi/lib/thumb/v8-m.main/nofp/libc.a(libc_a-stdio.o)
 .debug_line    0x0000690d      0x6b0 /usr/lib/gcc/arm-none-eabi/13.2.1/../../../arm-none-eabi/lib/thumb/v8-m.main/nofp/libc.a(libc_a-reallocr.o)
 .debug_line    0x00006fbd      0x19d /usr/lib/gcc/arm-none-eabi/13.2.1/../../../arm-none-eabi/lib/thumb/v8-m.main/nofp/libc.a(libc_a-writer.o)
 .debug_line    0x0000715a      0x153 /usr/lib/gcc/arm-none-eabi/13.2.1/../../../arm-none-eabi/lib/thumb/v8-m.main/nofp/libc.a(libc_a-mlock.o)
 .debug_line    0x000072ad      0x193 /usr/lib/gcc/arm-none-eabi/13.2.1/../../../arm-none-eabi/lib/thumb/v8-m.main/nofp/libc.a(libc_a-sbrkr.o)
 .debug_line    0x00007440      0x193 /usr/lib/gcc/arm-none-eabi/13.2.1/../../../arm-none-eabi/lib/thumb/v8-m.main/nofp/libc.a(libc_a-closer.o)
 .debug_line    0x000075d3      0x189 /usr/lib/gcc/arm-none-eabi/13.2.1/../../../arm-none-eabi/lib/thumb/v8-m.main/nofp/libc.a(libc_a-sprint_r.o)
 .debug_line    0x0000775c      0x1a9 /usr/lib/gcc/arm-none-eabi/13.2.1/../../../arm-none-eabi/lib/thumb/v8-m.main/nofp/libc.a(libc_a-assert.o)
 .debug_line    0x00007905     0x141d /usr/lib/gcc/arm-none-eabi/13.2.1/../../../arm-none-eabi/lib/thumb/v8-m.main/nofp/libc.a(libc_a-mprec.o)
 .debug_line    0x00008d22      0x17e /usr/lib/gcc/arm-none-eabi/13.2.1/../../../arm-none-eabi/lib/thumb/v8-m.main/nofp/libc.a(libc_a-localeconv.o)
 .debug_line    0x00008ea0      0x3be /usr/lib/gcc/arm-none-eabi/13.2.1/../../../arm-none-eabi/lib/thumb/v8-m.main/nofp/libc.a(libc_a-makebuf.o)
 .debug_line    0x0000925e      0x2a1 /usr/lib/gcc/arm-none-eabi/13.2.1/../../../arm-none-eabi/lib/thumb/v8-m.main/nofp/libc.a(libc_a-locale.o)
 .debug_line    0x000094ff      0x214 /usr/lib/gcc/arm-none-eabi/13.2.1/../../../arm-none-eabi/lib/thumb/v8-m.main/nofp/libc.a(libc_a-mbtowc_r.o)
 .debug_line    0x00009713      0x115 /usr/lib/gcc/arm-none-eabi/13.2.1/../../../arm-none-eabi/lib/thumb/v8-m.main/nofp/libc.a(libc_a-abort.o)
 .debug_line    0x00009828      0x20e /usr/lib/gcc/arm-none-eabi/13.2.1/../../../arm-none-eabi/lib/thumb/v8-m.main/nofp/libc.a(libc_a-callocr.o)
 .debug_line    0x00009a36      0x19c /usr/lib/gcc/arm-none-eabi/13.2.1/../../../arm-none-eabi/lib/thumb/v8-m.main/nofp/libc.a(libc_a-readr.o)
 .debug_line    0x00009bd2      0x1aa /usr/lib/gcc/arm-none-eabi/13.2.1/../../../arm-none-eabi/lib/thumb/v8-m.main/nofp/libc.a(libc_a-fiprintf.o)
 .debug_line    0x00009d7c      0x20b /usr/lib/gcc/arm-none-eabi/13.2.1/../../../arm-none-eabi/lib/thumb/v8-m.main/nofp/libc.a(libc_a-wctomb_r.o)
 .debug_line    0x00009f87      0x19d /usr/lib/gcc/arm-none-eabi/13.2.1/../../../arm-none-eabi/lib/thumb/v8-m.main/nofp/libc.a(libc_a-lseekr.o)
 .debug_line    0x0000a124      0x1f0 /usr/lib/gcc/arm-none-eabi/13.2.1/../../../arm-none-eabi/lib/thumb/v8-m.main/nofp/libc.a(libc_a-reent.o)
 .debug_line    0x0000a314      0x216 /usr/lib/gcc/arm-none-eabi/13.2.1/../../../arm-none-eabi/lib/thumb/v8-m.main/nofp/libc.a(libc_a-fstatr.o)
 .debug_line    0x0000a52a      0x194 /usr/lib/gcc/arm-none-eabi/13.2.1/../../../arm-none-eabi/lib/thumb/v8-m.main/nofp/libc.a(libc_a-isattyr.o)
 .debug_line    0x0000a6be       0x97 /usr/lib/gcc/arm-none-eabi/13.2.1/../../../arm-none-eabi/lib/thumb/v8-m.main/nofp/libc.a(libc_a-ctype_.o)
 .debug_line    0x0000a755      0x675 /usr/lib/gcc/arm-none-eabi/13.2.1/../../../arm-none-eabi/lib/thumb/v8-m.main/nofp/libc.a(libc_a-signal.o)
 .debug_line    0x0000adca      0x1bf /usr/lib/gcc/arm-none-eabi/13.2.1/../../../arm-none-eabi/lib/thumb/v8-m.main/nofp/libc.a(libc_a-signalr.o)
 .debug_line    0x0000af89      0xf72 /usr/lib/gcc/arm-none-eabi/13.2.1/../../../arm-none-eabi/lib/thumb/v8-m.main/nofp/libc.a(libc_a-vfiprintf.o)
 .debug_line    0x0000befb      0x184 /usr/lib/gcc/arm-none-eabi/13.2.1/thumb/v8-m.main/nofp/libgcc.a(_arm_muldivdf3.o)
 .debug_line    0x0000c07f       0xa6 /usr/lib/gcc/arm-none-eabi/13.2.1/thumb/v8-m.main/nofp/libgcc.a(_arm_cmpdf2.o)
 .debug_line    0x0000c125       0x57 /usr/lib/gcc/arm-none-eabi/13.2.1/thumb/v8-m.main/nofp/libgcc.a(_arm_unorddf2.o)
 .debug_line    0x0000c17c       0x62 /usr/lib/gcc/arm-none-eabi/13.2.1/thumb/v8-m.main/nofp/libgcc.a(_arm_fixdfsi.o)

.debug_line_str
                0x00000000      0x13f
 .debug_line_str
                0x00000000      0x13f /usr/lib/gcc/arm-none-eabi/13.2.1/thumb/v8-m.main/nofp/libgcc.a(_arm_addsubdf3.o)
                                 0x9d (size before relaxing)
 .debug_line_str
                0x0000013f       0x9d /usr/lib/gcc/arm-none-eabi/13.2.1/thumb/v8-m.main/nofp/libgcc.a(_arm_addsubsf3.o)
 .debug_line_str
                0x0000013f       0x9d /usr/lib/gcc/arm-none-eabi/13.2.1/thumb/v8-m.main/nofp/libgcc.a(_arm_muldivsf3.o)
 .debug_line_str
                0x0000013f       0x95 /usr/lib/gcc/arm-none-eabi/13.2.1/../../../arm-none-eabi/lib/thumb/v8-m.main/nofp/libc.a(libc_a-memcpy.o)
 .debug_line_str
                0x0000013f       0x9d /usr/lib/gcc/arm-none-eabi/13.2.1/thumb/v8-m.main/nofp/libgcc.a(_arm_muldivdf3.o)
 .debug_line_str
                0x0000013f       0x9d /usr/lib/gcc/arm-none-eabi/13.2.1/thumb/v8-m.main/nofp/libgcc.a(_arm_cmpdf2.o)
 .debug_line_str
                0x0000013f       0x9d /usr/lib/gcc/arm-none-eabi/13.2.1/thumb/v8-m.main/nofp/libgcc.a(_arm_unorddf2.o)
 .debug_line_str
                0x0000013f       0x9d /usr/lib/gcc/arm-none-eabi/13.2.1/thumb/v8-m.main/nofp/libgcc.a(_arm_fixdfsi.o)

.debug_info     0x00000000    0x1ad08
 .debug_info    0x00000000       0xd3 /usr/lib/gcc/arm-none-eabi/13.2.1/thumb/v8-m.main/nofp/libgcc.a(_arm_addsubdf3.o)
 .debug_info    0x000000d3       0xca /usr/lib/gcc/arm-none-eabi/13.2.1/thumb/v8-m.main/nofp/libgcc.a(_arm_addsubsf3.o)
 .debug_info    0x0000019d       0x57 /usr/lib/gcc/arm-none-eabi/13.2.1/thumb/v8-m.main/nofp/libgcc.a(_arm_muldivsf3.o)
 .debug_info    0x000001f4      0x135 /usr/lib/gcc/arm-none-eabi/13.2.1/../../../arm-none-eabi/lib/thumb/v8-m.main/nofp/libc.a(libc_a-memset.o)
 .debug_info    0x00000329      0x70f /usr/lib/gcc/arm-none-eabi/13.2.1/../../../arm-none-eabi/lib/thumb/v8-m.main/nofp/libc.a(libc_a-errno.o)
 .debug_info    0x00000a38      0x729 /usr/lib/gcc/arm-none-eabi/13.2.1/../../../arm-none-eabi/lib/thumb/v8-m.main/nofp/libc.a(libc_a-impure.o)
 .debug_info    0x00001161       0x33 /usr/lib/gcc/arm-none-eabi/13.2.1/../../../arm-none-eabi/lib/thumb/v8-m.main/nofp/libc.a(libc_a-memcpy.o)
 .debug_info    0x00001194      0x10b /usr/lib/gcc/arm-none-eabi/13.2.1/../../../arm-none-eabi/lib/thumb/v8-m.main/nofp/libc.a(libc_a-init.o)
 .debug_info    0x0000129f      0xea8 /usr/lib/gcc/arm-none-eabi/13.2.1/../../../arm-none-eabi/lib/thumb/v8-m.main/nofp/libc.a(libc_a-findfp.o)
 .debug_info    0x00002147      0x8fe /usr/lib/gcc/arm-none-eabi/13.2.1/../../../arm-none-eabi/lib/thumb/v8-m.main/nofp/libc.a(libc_a-puts.o)
 .debug_info    0x00002a45      0xb12 /usr/lib/gcc/arm-none-eabi/13.2.1/../../../arm-none-eabi/lib/thumb/v8-m.main/nofp/libc.a(libc_a-fvwrite.o)
 .debug_info    0x00003557       0xbd /usr/lib/gcc/arm-none-eabi/13.2.1/../../../arm-none-eabi/lib/thumb/v8-m.main/nofp/libc.a(libc_a-strlen-stub.o)
 .debug_info    0x00003614      0x855 /usr/lib/gcc/arm-none-eabi/13.2.1/../../../arm-none-eabi/lib/thumb/v8-m.main/nofp/libc.a(libc_a-printf.o)
 .debug_info    0x00003e69      0x14a /usr/lib/gcc/arm-none-eabi/13.2.1/../../../arm-none-eabi/lib/thumb/v8-m.main/nofp/libc.a(libc_a-memchr-stub.o)
 .debug_info    0x00003fb3      0x7e4 /usr/lib/gcc/arm-none-eabi/13.2.1/../../../arm-none-eabi/lib/thumb/v8-m.main/nofp/libc.a(libc_a-fwalk.o)
 .debug_info    0x00004797     0x1999 /usr/lib/gcc/arm-none-eabi/13.2.1/../../../arm-none-eabi/lib/thumb/v8-m.main/nofp/libc.a(libc_a-vfprintf.o)
 .debug_info    0x00006130      0xa4c /usr/lib/gcc/arm-none-eabi/13.2.1/../../../arm-none-eabi/lib/thumb/v8-m.main/nofp/libc.a(libc_a-fflush.o)
 .debug_info    0x00006b7c      0x148 /usr/lib/gcc/arm-none-eabi/13.2.1/../../../arm-none-eabi/lib/thumb/v8-m.main/nofp/libc.a(libc_a-memmove.o)
 .debug_info    0x00006cc4      0xcd9 /usr/lib/gcc/arm-none-eabi/13.2.1/../../../arm-none-eabi/lib/thumb/v8-m.main/nofp/libc.a(libc_a-mallocr.o)
 .debug_info    0x0000799d     0x1890 /usr/lib/gcc/arm-none-eabi/13.2.1/../../../arm-none-eabi/lib/thumb/v8-m.main/nofp/libc.a(libc_a-dtoa.o)
 .debug_info    0x0000922d      0x7cf /usr/lib/gcc/arm-none-eabi/13.2.1/../../../arm-none-eabi/lib/thumb/v8-m.main/nofp/libc.a(libc_a-wsetup.o)
 .debug_info    0x000099fc      0xb55 /usr/lib/gcc/arm-none-eabi/13.2.1/../../../arm-none-eabi/lib/thumb/v8-m.main/nofp/libc.a(libc_a-freer.o)
 .debug_info    0x0000a551      0x8e6 /usr/lib/gcc/arm-none-eabi/13.2.1/../../../arm-none-eabi/lib/thumb/v8-m.main/nofp/libc.a(libc_a-fclose.o)
 .debug_info    0x0000ae37       0xc1 /usr/lib/gcc/arm-none-eabi/13.2.1/../../../arm-none-eabi/lib/thumb/v8-m.main/nofp/libc.a(libc_a-sysconf.o)
 .debug_info    0x0000aef8      0xa9e /usr/lib/gcc/arm-none-eabi/13.2.1/../../../arm-none-eabi/lib/thumb/v8-m.main/nofp/libc.a(libc_a-stdio.o)
 .debug_info    0x0000b996      0xbc9 /usr/lib/gcc/arm-none-eabi/13.2.1/../../../arm-none-eabi/lib/thumb/v8-m.main/nofp/libc.a(libc_a-reallocr.o)
 .debug_info    0x0000c55f      0x7d9 /usr/lib/gcc/arm-none-eabi/13.2.1/../../../arm-none-eabi/lib/thumb/v8-m.main/nofp/libc.a(libc_a-writer.o)
 .debug_info    0x0000cd38      0x73a /usr/lib/gcc/arm-none-eabi/13.2.1/../../../arm-none-eabi/lib/thumb/v8-m.main/nofp/libc.a(libc_a-mlock.o)
 .debug_info    0x0000d472      0x796 /usr/lib/gcc/arm-none-eabi/13.2.1/../../../arm-none-eabi/lib/thumb/v8-m.main/nofp/libc.a(libc_a-sbrkr.o)
 .debug_info    0x0000dc08      0x770 /usr/lib/gcc/arm-none-eabi/13.2.1/../../../arm-none-eabi/lib/thumb/v8-m.main/nofp/libc.a(libc_a-closer.o)
 .debug_info    0x0000e378      0x7ff /usr/lib/gcc/arm-none-eabi/13.2.1/../../../arm-none-eabi/lib/thumb/v8-m.main/nofp/libc.a(libc_a-sprint_r.o)
 .debug_info    0x0000eb77      0x83d /usr/lib/gcc/arm-none-eabi/13.2.1/../../../arm-none-eabi/lib/thumb/v8-m.main/nofp/libc.a(libc_a-assert.o)
 .debug_info    0x0000f3b4     0x1e3d /usr/lib/gcc/arm-none-eabi/13.2.1/../../../arm-none-eabi/lib/thumb/v8-m.main/nofp/libc.a(libc_a-mprec.o)
 .debug_info    0x000111f1      0xa2c /usr/lib/gcc/arm-none-eabi/13.2.1/../../../arm-none-eabi/lib/thumb/v8-m.main/nofp/libc.a(libc_a-localeconv.o)
 .debug_info    0x00011c1d      0xc08 /usr/lib/gcc/arm-none-eabi/13.2.1/../../../arm-none-eabi/lib/thumb/v8-m.main/nofp/libc.a(libc_a-makebuf.o)
 .debug_info    0x00012825      0xbd7 /usr/lib/gcc/arm-none-eabi/13.2.1/../../../arm-none-eabi/lib/thumb/v8-m.main/nofp/libc.a(libc_a-locale.o)
 .debug_info    0x000133fc      0xace /usr/lib/gcc/arm-none-eabi/13.2.1/../../../arm-none-eabi/lib/thumb/v8-m.main/nofp/libc.a(libc_a-mbtowc_r.o)
 .debug_info    0x00013eca       0xd8 /usr/lib/gcc/arm-none-eabi/13.2.1/../../../arm-none-eabi/lib/thumb/v8-m.main/nofp/libc.a(libc_a-abort.o)
 .debug_info    0x00013fa2      0x8d9 /usr/lib/gcc/arm-none-eabi/13.2.1/../../../arm-none-eabi/lib/thumb/v8-m.main/nofp/libc.a(libc_a-callocr.o)
 .debug_info    0x0001487b      0x7d3 /usr/lib/gcc/arm-none-eabi/13.2.1/../../../arm-none-eabi/lib/thumb/v8-m.main/nofp/libc.a(libc_a-readr.o)
 .debug_info    0x0001504e      0x872 /usr/lib/gcc/arm-none-eabi/13.2.1/../../../arm-none-eabi/lib/thumb/v8-m.main/nofp/libc.a(libc_a-fiprintf.o)
 .debug_info    0x000158c0      0xa8e /usr/lib/gcc/arm-none-eabi/13.2.1/../../../arm-none-eabi/lib/thumb/v8-m.main/nofp/libc.a(libc_a-wctomb_r.o)
 .debug_info    0x0001634e      0x7bc /usr/lib/gcc/arm-none-eabi/13.2.1/../../../arm-none-eabi/lib/thumb/v8-m.main/nofp/libc.a(libc_a-lseekr.o)
 .debug_info    0x00016b0a      0x831 /usr/lib/gcc/arm-none-eabi/13.2.1/../../../arm-none-eabi/lib/thumb/v8-m.main/nofp/libc.a(libc_a-reent.o)
 .debug_info    0x0001733b      0x995 /usr/lib/gcc/arm-none-eabi/13.2.1/../../../arm-none-eabi/lib/thumb/v8-m.main/nofp/libc.a(libc_a-fstatr.o)
 .debug_info    0x00017cd0      0x770 /usr/lib/gcc/arm-none-eabi/13.2.1/../../../arm-none-eabi/lib/thumb/v8-m.main/nofp/libc.a(libc_a-isattyr.o)
 .debug_info    0x00018440       0xb9 /usr/lib/gcc/arm-none-eabi/13.2.1/../../../arm-none-eabi/lib/thumb/v8-m.main/nofp/libc.a(libc_a-ctype_.o)
 .debug_info    0x000184f9      0xc57 /usr/lib/gcc/arm-none-eabi/13.2.1/../../../arm-none-eabi/lib/thumb/v8-m.main/nofp/libc.a(libc_a-signal.o)
 .debug_info    0x00019150      0x7fd /usr/lib/gcc/arm-none-eabi/13.2.1/../../../arm-none-eabi/lib/thumb/v8-m.main/nofp/libc.a(libc_a-signalr.o)
 .debug_info    0x0001994d     0x120d /usr/lib/gcc/arm-none-eabi/13.2.1/../../../arm-none-eabi/lib/thumb/v8-m.main/nofp/libc.a(libc_a-vfiprintf.o)
 .debug_info    0x0001ab5a       0x57 /usr/lib/gcc/arm-none-eabi/13.2.1/thumb/v8-m.main/nofp/libgcc.a(_arm_muldivdf3.o)
 .debug_info    0x0001abb1       0xdf /usr/lib/gcc/arm-none-eabi/13.2.1/thumb/v8-m.main/nofp/libgcc.a(_arm_cmpdf2.o)
 .debug_info    0x0001ac90       0x3c /usr/lib/gcc/arm-none-eabi/13.2.1/thumb/v8-m.main/nofp/libgcc.a(_arm_unorddf2.o)
 .debug_info    0x0001accc       0x3c /usr/lib/gcc/arm-none-eabi/13.2.1/thumb/v8-m.main/nofp/libgcc.a(_arm_fixdfsi.o)

.debug_abbrev   0x00000000     0x6680
 .debug_abbrev  0x00000000       0x28 /usr/lib/gcc/arm-none-eabi/13.2.1/thumb/v8-m.main/nofp/libgcc.a(_arm_addsubdf3.o)
 .debug_abbrev  0x00000028       0x28 /usr/lib/gcc/arm-none-eabi/13.2.1/thumb/v8-m.main/nofp/libgcc.a(_arm_addsubsf3.o)
 .debug_abbrev  0x00000050       0x28 /usr/lib/gcc/arm-none-eabi/13.2.1/thumb/v8-m.main/nofp/libgcc.a(_arm_muldivsf3.o)
 .debug_abbrev  0x00000078       0xb7 /usr/lib/gcc/arm-none-eabi/13.2.1/../../../arm-none-eabi/lib/thumb/v8-m.main/nofp/libc.a(libc_a-memset.o)
 .debug_abbrev  0x0000012f      0x19a /usr/lib/gcc/arm-none-eabi/13.2.1/../../../arm-none-eabi/lib/thumb/v8-m.main/nofp/libc.a(libc_a-errno.o)
 .debug_abbrev  0x000002c9      0x185 /usr/lib/gcc/arm-none-eabi/13.2.1/../../../arm-none-eabi/lib/thumb/v8-m.main/nofp/libc.a(libc_a-impure.o)
 .debug_abbrev  0x0000044e       0x28 /usr/lib/gcc/arm-none-eabi/13.2.1/../../../arm-none-eabi/lib/thumb/v8-m.main/nofp/libc.a(libc_a-memcpy.o)
 .debug_abbrev  0x00000476       0xc9 /usr/lib/gcc/arm-none-eabi/13.2.1/../../../arm-none-eabi/lib/thumb/v8-m.main/nofp/libc.a(libc_a-init.o)
 .debug_abbrev  0x0000053f      0x446 /usr/lib/gcc/arm-none-eabi/13.2.1/../../../arm-none-eabi/lib/thumb/v8-m.main/nofp/libc.a(libc_a-findfp.o)
 .debug_abbrev  0x00000985      0x274 /usr/lib/gcc/arm-none-eabi/13.2.1/../../../arm-none-eabi/lib/thumb/v8-m.main/nofp/libc.a(libc_a-puts.o)
 .debug_abbrev  0x00000bf9      0x260 /usr/lib/gcc/arm-none-eabi/13.2.1/../../../arm-none-eabi/lib/thumb/v8-m.main/nofp/libc.a(libc_a-fvwrite.o)
 .debug_abbrev  0x00000e59       0x78 /usr/lib/gcc/arm-none-eabi/13.2.1/../../../arm-none-eabi/lib/thumb/v8-m.main/nofp/libc.a(libc_a-strlen-stub.o)
 .debug_abbrev  0x00000ed1      0x256 /usr/lib/gcc/arm-none-eabi/13.2.1/../../../arm-none-eabi/lib/thumb/v8-m.main/nofp/libc.a(libc_a-printf.o)
 .debug_abbrev  0x00001127       0xc7 /usr/lib/gcc/arm-none-eabi/13.2.1/../../../arm-none-eabi/lib/thumb/v8-m.main/nofp/libc.a(libc_a-memchr-stub.o)
 .debug_abbrev  0x000011ee      0x1d9 /usr/lib/gcc/arm-none-eabi/13.2.1/../../../arm-none-eabi/lib/thumb/v8-m.main/nofp/libc.a(libc_a-fwalk.o)
 .debug_abbrev  0x000013c7      0x4e2 /usr/lib/gcc/arm-none-eabi/13.2.1/../../../arm-none-eabi/lib/thumb/v8-m.main/nofp/libc.a(libc_a-vfprintf.o)
 .debug_abbrev  0x000018a9      0x31f /usr/lib/gcc/arm-none-eabi/13.2.1/../../../arm-none-eabi/lib/thumb/v8-m.main/nofp/libc.a(libc_a-fflush.o)
 .debug_abbrev  0x00001bc8       0xc3 /usr/lib/gcc/arm-none-eabi/13.2.1/../../../arm-none-eabi/lib/thumb/v8-m.main/nofp/libc.a(libc_a-memmove.o)
 .debug_abbrev  0x00001c8b      0x2d7 /usr/lib/gcc/arm-none-eabi/13.2.1/../../../arm-none-eabi/lib/thumb/v8-m.main/nofp/libc.a(libc_a-mallocr.o)
 .debug_abbrev  0x00001f62      0x364 /usr/lib/gcc/arm-none-eabi/13.2.1/../../../arm-none-eabi/lib/thumb/v8-m.main/nofp/libc.a(libc_a-dtoa.o)
 .debug_abbrev  0x000022c6      0x21e /usr/lib/gcc/arm-none-eabi/13.2.1/../../../arm-none-eabi/lib/thumb/v8-m.main/nofp/libc.a(libc_a-wsetup.o)
 .debug_abbrev  0x000024e4      0x27f /usr/lib/gcc/arm-none-eabi/13.2.1/../../../arm-none-eabi/lib/thumb/v8-m.main/nofp/libc.a(libc_a-freer.o)
 .debug_abbrev  0x00002763      0x2ed /usr/lib/gcc/arm-none-eabi/13.2.1/../../../arm-none-eabi/lib/thumb/v8-m.main/nofp/libc.a(libc_a-fclose.o)
 .debug_abbrev  0x00002a50       0x80 /usr/lib/gcc/arm-none-eabi/13.2.1/../../../arm-none-eabi/lib/thumb/v8-m.main/nofp/libc.a(libc_a-sysconf.o)
 .debug_abbrev  0x00002ad0      0x260 /usr/lib/gcc/arm-none-eabi/13.2.1/../../../arm-none-eabi/lib/thumb/v8-m.main/nofp/libc.a(libc_a-stdio.o)
 .debug_abbrev  0x00002d30      0x2a3 /usr/lib/gcc/arm-none-eabi/13.2.1/../../../arm-none-eabi/lib/thumb/v8-m.main/nofp/libc.a(libc_a-reallocr.o)
 .debug_abbrev  0x00002fd3      0x1f1 /usr/lib/gcc/arm-none-eabi/13.2.1/../../../arm-none-eabi/lib/thumb/v8-m.main/nofp/libc.a(libc_a-writer.o)
 .debug_abbrev  0x000031c4      0x1ce /usr/lib/gcc/arm-none-eabi/13.2.1/../../../arm-none-eabi/lib/thumb/v8-m.main/nofp/libc.a(libc_a-mlock.o)
 .debug_abbrev  0x00003392      0x216 /usr/lib/gcc/arm-none-eabi/13.2.1/../../../arm-none-eabi/lib/thumb/v8-m.main/nofp/libc.a(libc_a-sbrkr.o)
 .debug_abbrev  0x000035a8      0x1ec /usr/lib/gcc/arm-none-eabi/13.2.1/../../../arm-none-eabi/lib/thumb/v8-m.main/nofp/libc.a(libc_a-closer.o)
 .debug_abbrev  0x00003794      0x1d4 /usr/lib/gcc/arm-none-eabi/13.2.1/../../../arm-none-eabi/lib/thumb/v8-m.main/nofp/libc.a(libc_a-sprint_r.o)
 .debug_abbrev  0x00003968      0x226 /usr/lib/gcc/arm-none-eabi/13.2.1/../../../arm-none-eabi/lib/thumb/v8-m.main/nofp/libc.a(libc_a-assert.o)
 .debug_abbrev  0x00003b8e      0x502 /usr/lib/gcc/arm-none-eabi/13.2.1/../../../arm-none-eabi/lib/thumb/v8-m.main/nofp/libc.a(libc_a-mprec.o)
 .debug_abbrev  0x00004090      0x26a /usr/lib/gcc/arm-none-eabi/13.2.1/../../../arm-none-eabi/lib/thumb/v8-m.main/nofp/libc.a(libc_a-localeconv.o)
 .debug_abbrev  0x000042fa      0x2c1 /usr/lib/gcc/arm-none-eabi/13.2.1/../../../arm-none-eabi/lib/thumb/v8-m.main/nofp/libc.a(libc_a-makebuf.o)
 .debug_abbrev  0x000045bb      0x2d9 /usr/lib/gcc/arm-none-eabi/13.2.1/../../../arm-none-eabi/lib/thumb/v8-m.main/nofp/libc.a(libc_a-locale.o)
 .debug_abbrev  0x00004894      0x244 /usr/lib/gcc/arm-none-eabi/13.2.1/../../../arm-none-eabi/lib/thumb/v8-m.main/nofp/libc.a(libc_a-mbtowc_r.o)
 .debug_abbrev  0x00004ad8       0x99 /usr/lib/gcc/arm-none-eabi/13.2.1/../../../arm-none-eabi/lib/thumb/v8-m.main/nofp/libc.a(libc_a-abort.o)
 .debug_abbrev  0x00004b71      0x25b /usr/lib/gcc/arm-none-eabi/13.2.1/../../../arm-none-eabi/lib/thumb/v8-m.main/nofp/libc.a(libc_a-callocr.o)
 .debug_abbrev  0x00004dcc      0x1ec /usr/lib/gcc/arm-none-eabi/13.2.1/../../../arm-none-eabi/lib/thumb/v8-m.main/nofp/libc.a(libc_a-readr.o)
 .debug_abbrev  0x00004fb8      0x252 /usr/lib/gcc/arm-none-eabi/13.2.1/../../../arm-none-eabi/lib/thumb/v8-m.main/nofp/libc.a(libc_a-fiprintf.o)
 .debug_abbrev  0x0000520a      0x23d /usr/lib/gcc/arm-none-eabi/13.2.1/../../../arm-none-eabi/lib/thumb/v8-m.main/nofp/libc.a(libc_a-wctomb_r.o)
 .debug_abbrev  0x00005447      0x200 /usr/lib/gcc/arm-none-eabi/13.2.1/../../../arm-none-eabi/lib/thumb/v8-m.main/nofp/libc.a(libc_a-lseekr.o)
 .debug_abbrev  0x00005647      0x22a /usr/lib/gcc/arm-none-eabi/13.2.1/../../../arm-none-eabi/lib/thumb/v8-m.main/nofp/libc.a(libc_a-reent.o)
 .debug_abbrev  0x00005871      0x1ff /usr/lib/gcc/arm-none-eabi/13.2.1/../../../arm-none-eabi/lib/thumb/v8-m.main/nofp/libc.a(libc_a-fstatr.o)
 .debug_abbrev  0x00005a70      0x1ec /usr/lib/gcc/arm-none-eabi/13.2.1/../../../arm-none-eabi/lib/thumb/v8-m.main/nofp/libc.a(libc_a-isattyr.o)
 .debug_abbrev  0x00005c5c       0x62 /usr/lib/gcc/arm-none-eabi/13.2.1/../../../arm-none-eabi/lib/thumb/v8-m.main/nofp/libc.a(libc_a-ctype_.o)
 .debug_abbrev  0x00005cbe      0x313 /usr/lib/gcc/arm-none-eabi/13.2.1/../../../arm-none-eabi/lib/thumb/v8-m.main/nofp/libc.a(libc_a-signal.o)
 .debug_abbrev  0x00005fd1      0x239 /usr/lib/gcc/arm-none-eabi/13.2.1/../../../arm-none-eabi/lib/thumb/v8-m.main/nofp/libc.a(libc_a-signalr.o)
 .debug_abbrev  0x0000620a      0x3d6 /usr/lib/gcc/arm-none-eabi/13.2.1/../../../arm-none-eabi/lib/thumb/v8-m.main/nofp/libc.a(libc_a-vfiprintf.o)
 .debug_abbrev  0x000065e0       0x28 /usr/lib/gcc/arm-none-eabi/13.2.1/thumb/v8-m.main/nofp/libgcc.a(_arm_muldivdf3.o)
 .debug_abbrev  0x00006608       0x28 /usr/lib/gcc/arm-none-eabi/13.2.1/thumb/v8-m.main/nofp/libgcc.a(_arm_cmpdf2.o)
 .debug_abbrev  0x00006630       0x28 /usr/lib/gcc/arm-none-eabi/13.2.1/thumb/v8-m.main/nofp/libgcc.a(_arm_unorddf2.o)
 .debug_abbrev  0x00006658       0x28 /usr/lib/gcc/arm-none-eabi/13.2.1/thumb/v8-m.main/nofp/libgcc.a(_arm_fixdfsi.o)

.debug_aranges  0x00000000      0x6b0
 .debug_aranges
                0x00000000       0x20 /usr/lib/gcc/arm-none-eabi/13.2.1/thumb/v8-m.main/nofp/libgcc.a(_arm_addsubdf3.o)
 .debug_aranges
                0x00000020       0x20 /usr/lib/gcc/arm-none-eabi/13.2.1/thumb/v8-m.main/nofp/libgcc.a(_arm_addsubsf3.o)
 .debug_aranges
                0x00000040       0x20 /usr/lib/gcc/arm-none-eabi/13.2.1/thumb/v8-m.main/nofp/libgcc.a(_arm_muldivsf3.o)
 .debug_aranges
                0x00000060       0x20 /usr/lib/gcc/arm-none-eabi/13.2.1/../../../arm-none-eabi/lib/thumb/v8-m.main/nofp/libc.a(libc_a-memset.o)
 .debug_aranges
                0x00000080       0x20 /usr/lib/gcc/arm-none-eabi/13.2.1/../../../arm-none-eabi/lib/thumb/v8-m.main/nofp/libc.a(libc_a-errno.o)
 .debug_aranges